cuda:0 (1 GPUs)
Train Size: 1188, Vali Size: 132, Test Size: 0

=== DAPT seed=3431 | train=1188 vali=132 | start=saved/pretrain_base_merged_10_20_9cls_align/limu_bert_x_align_dapt_5e-4_3200_seed3431 | lr=5e-05 epochs=1500 batch=128 workers=0 ===
    mask_cfg(./config/mask.json): ratio=0.15 alpha=6 max_gram=10 prob=0.8 replace=0
Loading the model from saved/pretrain_base_merged_10_20_9cls_align/limu_bert_x_align_dapt_5e-4_3200_seed3431
Epoch 1/1500 : Average Loss 0.0726. Test Loss 0.0753
Epoch 2/1500 : Average Loss 0.0729. Test Loss 0.0697
Epoch 3/1500 : Average Loss 0.0723. Test Loss 0.0638
Epoch 4/1500 : Average Loss 0.0718. Test Loss 0.0773
Epoch 5/1500 : Average Loss 0.0650. Test Loss 0.0739
Epoch 6/1500 : Average Loss 0.0747. Test Loss 0.0571
Epoch 7/1500 : Average Loss 0.0710. Test Loss 0.0777
Epoch 8/1500 : Average Loss 0.0724. Test Loss 0.0680
Epoch 9/1500 : Average Loss 0.0696. Test Loss 0.0641
Epoch 10/1500 : Average Loss 0.0709. Test Loss 0.0632
Epoch 11/1500 : Average Loss 0.0663. Test Loss 0.0542
Epoch 12/1500 : Average Loss 0.0684. Test Loss 0.0697
Epoch 13/1500 : Average Loss 0.0673. Test Loss 0.0531
Epoch 14/1500 : Average Loss 0.0679. Test Loss 0.0635
Epoch 15/1500 : Average Loss 0.0660. Test Loss 0.0568
Epoch 16/1500 : Average Loss 0.0696. Test Loss 0.0561
Epoch 17/1500 : Average Loss 0.0675. Test Loss 0.0576
Epoch 18/1500 : Average Loss 0.0691. Test Loss 0.0672
Epoch 19/1500 : Average Loss 0.0641. Test Loss 0.0613
Epoch 20/1500 : Average Loss 0.0644. Test Loss 0.0708
Epoch 21/1500 : Average Loss 0.0636. Test Loss 0.0585
Epoch 22/1500 : Average Loss 0.0708. Test Loss 0.0634
Epoch 23/1500 : Average Loss 0.0609. Test Loss 0.0570
Epoch 24/1500 : Average Loss 0.0625. Test Loss 0.0626
Epoch 25/1500 : Average Loss 0.0676. Test Loss 0.0703
Epoch 26/1500 : Average Loss 0.0651. Test Loss 0.0578
Epoch 27/1500 : Average Loss 0.0676. Test Loss 0.0641
Epoch 28/1500 : Average Loss 0.0644. Test Loss 0.0603
Epoch 29/1500 : Average Loss 0.0633. Test Loss 0.0561
Epoch 30/1500 : Average Loss 0.0627. Test Loss 0.0514
Epoch 31/1500 : Average Loss 0.0626. Test Loss 0.0535
Epoch 32/1500 : Average Loss 0.0642. Test Loss 0.0672
Epoch 33/1500 : Average Loss 0.0689. Test Loss 0.0449
Epoch 34/1500 : Average Loss 0.0662. Test Loss 0.0588
Epoch 35/1500 : Average Loss 0.0667. Test Loss 0.0625
Epoch 36/1500 : Average Loss 0.0622. Test Loss 0.0531
Epoch 37/1500 : Average Loss 0.0631. Test Loss 0.0540
Epoch 38/1500 : Average Loss 0.0649. Test Loss 0.0623
Epoch 39/1500 : Average Loss 0.0603. Test Loss 0.0575
Epoch 40/1500 : Average Loss 0.0645. Test Loss 0.0711
Epoch 41/1500 : Average Loss 0.0591. Test Loss 0.0569
Epoch 42/1500 : Average Loss 0.0638. Test Loss 0.0488
Epoch 43/1500 : Average Loss 0.0648. Test Loss 0.0677
Epoch 44/1500 : Average Loss 0.0624. Test Loss 0.0564
Epoch 45/1500 : Average Loss 0.0608. Test Loss 0.0593
Epoch 46/1500 : Average Loss 0.0610. Test Loss 0.0672
Epoch 47/1500 : Average Loss 0.0655. Test Loss 0.0634
Epoch 48/1500 : Average Loss 0.0631. Test Loss 0.0533
Epoch 49/1500 : Average Loss 0.0648. Test Loss 0.0658
Epoch 50/1500 : Average Loss 0.0636. Test Loss 0.0520
Epoch 51/1500 : Average Loss 0.0622. Test Loss 0.0610
Epoch 52/1500 : Average Loss 0.0641. Test Loss 0.0453
Epoch 53/1500 : Average Loss 0.0627. Test Loss 0.0491
Epoch 54/1500 : Average Loss 0.0611. Test Loss 0.0547
Epoch 55/1500 : Average Loss 0.0643. Test Loss 0.0552
Epoch 56/1500 : Average Loss 0.0648. Test Loss 0.0550
Epoch 57/1500 : Average Loss 0.0606. Test Loss 0.0593
Epoch 58/1500 : Average Loss 0.0641. Test Loss 0.0572
Epoch 59/1500 : Average Loss 0.0603. Test Loss 0.0581
Epoch 60/1500 : Average Loss 0.0591. Test Loss 0.0604
Epoch 61/1500 : Average Loss 0.0656. Test Loss 0.0652
Epoch 62/1500 : Average Loss 0.0637. Test Loss 0.0610
Epoch 63/1500 : Average Loss 0.0668. Test Loss 0.0576
Epoch 64/1500 : Average Loss 0.0644. Test Loss 0.0561
Epoch 65/1500 : Average Loss 0.0645. Test Loss 0.0583
Epoch 66/1500 : Average Loss 0.0653. Test Loss 0.0623
Epoch 67/1500 : Average Loss 0.0622. Test Loss 0.0632
Epoch 68/1500 : Average Loss 0.0592. Test Loss 0.0475
Epoch 69/1500 : Average Loss 0.0661. Test Loss 0.0611
Epoch 70/1500 : Average Loss 0.0632. Test Loss 0.0533
Epoch 71/1500 : Average Loss 0.0627. Test Loss 0.0554
Epoch 72/1500 : Average Loss 0.0611. Test Loss 0.0541
Epoch 73/1500 : Average Loss 0.0598. Test Loss 0.0545
Epoch 74/1500 : Average Loss 0.0621. Test Loss 0.0571
Epoch 75/1500 : Average Loss 0.0638. Test Loss 0.0667
Epoch 76/1500 : Average Loss 0.0651. Test Loss 0.0625
Epoch 77/1500 : Average Loss 0.0622. Test Loss 0.0602
Epoch 78/1500 : Average Loss 0.0593. Test Loss 0.0646
Epoch 79/1500 : Average Loss 0.0611. Test Loss 0.0612
Epoch 80/1500 : Average Loss 0.0601. Test Loss 0.0489
Epoch 81/1500 : Average Loss 0.0641. Test Loss 0.0504
Epoch 82/1500 : Average Loss 0.0628. Test Loss 0.0606
Epoch 83/1500 : Average Loss 0.0625. Test Loss 0.0644
Epoch 84/1500 : Average Loss 0.0632. Test Loss 0.0609
Epoch 85/1500 : Average Loss 0.0598. Test Loss 0.0521
Epoch 86/1500 : Average Loss 0.0585. Test Loss 0.0596
Epoch 87/1500 : Average Loss 0.0611. Test Loss 0.0549
Epoch 88/1500 : Average Loss 0.0601. Test Loss 0.0565
Epoch 89/1500 : Average Loss 0.0620. Test Loss 0.0600
Epoch 90/1500 : Average Loss 0.0638. Test Loss 0.0728
Epoch 91/1500 : Average Loss 0.0590. Test Loss 0.0492
Epoch 92/1500 : Average Loss 0.0649. Test Loss 0.0494
Epoch 93/1500 : Average Loss 0.0587. Test Loss 0.0443
Epoch 94/1500 : Average Loss 0.0605. Test Loss 0.0566
Epoch 95/1500 : Average Loss 0.0569. Test Loss 0.0565
Epoch 96/1500 : Average Loss 0.0592. Test Loss 0.0584
Epoch 97/1500 : Average Loss 0.0625. Test Loss 0.0509
Epoch 98/1500 : Average Loss 0.0633. Test Loss 0.0603
Epoch 99/1500 : Average Loss 0.0580. Test Loss 0.0587
Epoch 100/1500 : Average Loss 0.0613. Test Loss 0.0555
Epoch 101/1500 : Average Loss 0.0594. Test Loss 0.0564
Epoch 102/1500 : Average Loss 0.0642. Test Loss 0.0465
Epoch 103/1500 : Average Loss 0.0633. Test Loss 0.0626
Epoch 104/1500 : Average Loss 0.0592. Test Loss 0.0612
Epoch 105/1500 : Average Loss 0.0595. Test Loss 0.0599
Epoch 106/1500 : Average Loss 0.0625. Test Loss 0.0548
Epoch 107/1500 : Average Loss 0.0600. Test Loss 0.0599
Epoch 108/1500 : Average Loss 0.0565. Test Loss 0.0533
Epoch 109/1500 : Average Loss 0.0606. Test Loss 0.0622
Epoch 110/1500 : Average Loss 0.0612. Test Loss 0.0568
Epoch 111/1500 : Average Loss 0.0600. Test Loss 0.0534
Epoch 112/1500 : Average Loss 0.0567. Test Loss 0.0500
Epoch 113/1500 : Average Loss 0.0622. Test Loss 0.0526
Epoch 114/1500 : Average Loss 0.0603. Test Loss 0.0596
Epoch 115/1500 : Average Loss 0.0625. Test Loss 0.0556
Epoch 116/1500 : Average Loss 0.0620. Test Loss 0.0686
Epoch 117/1500 : Average Loss 0.0593. Test Loss 0.0522
Epoch 118/1500 : Average Loss 0.0585. Test Loss 0.0580
Epoch 119/1500 : Average Loss 0.0565. Test Loss 0.0472
Epoch 120/1500 : Average Loss 0.0575. Test Loss 0.0526
Epoch 121/1500 : Average Loss 0.0617. Test Loss 0.0564
Epoch 122/1500 : Average Loss 0.0600. Test Loss 0.0520
Epoch 123/1500 : Average Loss 0.0583. Test Loss 0.0678
Epoch 124/1500 : Average Loss 0.0581. Test Loss 0.0527
Epoch 125/1500 : Average Loss 0.0645. Test Loss 0.0626
Epoch 126/1500 : Average Loss 0.0577. Test Loss 0.0621
Epoch 127/1500 : Average Loss 0.0576. Test Loss 0.0536
Epoch 128/1500 : Average Loss 0.0607. Test Loss 0.0632
Epoch 129/1500 : Average Loss 0.0623. Test Loss 0.0618
Epoch 130/1500 : Average Loss 0.0581. Test Loss 0.0610
Epoch 131/1500 : Average Loss 0.0578. Test Loss 0.0560
Epoch 132/1500 : Average Loss 0.0598. Test Loss 0.0631
Epoch 133/1500 : Average Loss 0.0590. Test Loss 0.0492
Epoch 134/1500 : Average Loss 0.0560. Test Loss 0.0666
Epoch 135/1500 : Average Loss 0.0600. Test Loss 0.0529
Epoch 136/1500 : Average Loss 0.0557. Test Loss 0.0571
Epoch 137/1500 : Average Loss 0.0548. Test Loss 0.0525
Epoch 138/1500 : Average Loss 0.0602. Test Loss 0.0500
Epoch 139/1500 : Average Loss 0.0589. Test Loss 0.0583
Epoch 140/1500 : Average Loss 0.0567. Test Loss 0.0513
Epoch 141/1500 : Average Loss 0.0569. Test Loss 0.0607
Epoch 142/1500 : Average Loss 0.0545. Test Loss 0.0540
Epoch 143/1500 : Average Loss 0.0577. Test Loss 0.0595
Epoch 144/1500 : Average Loss 0.0600. Test Loss 0.0505
Epoch 145/1500 : Average Loss 0.0588. Test Loss 0.0520
Epoch 146/1500 : Average Loss 0.0642. Test Loss 0.0552
Epoch 147/1500 : Average Loss 0.0580. Test Loss 0.0518
Epoch 148/1500 : Average Loss 0.0590. Test Loss 0.0568
Epoch 149/1500 : Average Loss 0.0585. Test Loss 0.0507
Epoch 150/1500 : Average Loss 0.0598. Test Loss 0.0659
Epoch 151/1500 : Average Loss 0.0573. Test Loss 0.0539
Epoch 152/1500 : Average Loss 0.0568. Test Loss 0.0598
Epoch 153/1500 : Average Loss 0.0608. Test Loss 0.0527
Epoch 154/1500 : Average Loss 0.0597. Test Loss 0.0583
Epoch 155/1500 : Average Loss 0.0595. Test Loss 0.0469
Epoch 156/1500 : Average Loss 0.0575. Test Loss 0.0522
Epoch 157/1500 : Average Loss 0.0579. Test Loss 0.0582
Epoch 158/1500 : Average Loss 0.0626. Test Loss 0.0549
Epoch 159/1500 : Average Loss 0.0645. Test Loss 0.0629
Epoch 160/1500 : Average Loss 0.0594. Test Loss 0.0598
Epoch 161/1500 : Average Loss 0.0593. Test Loss 0.0444
Epoch 162/1500 : Average Loss 0.0581. Test Loss 0.0487
Epoch 163/1500 : Average Loss 0.0576. Test Loss 0.0594
Epoch 164/1500 : Average Loss 0.0542. Test Loss 0.0492
Epoch 165/1500 : Average Loss 0.0571. Test Loss 0.0592
Epoch 166/1500 : Average Loss 0.0540. Test Loss 0.0558
Epoch 167/1500 : Average Loss 0.0572. Test Loss 0.0532
Epoch 168/1500 : Average Loss 0.0585. Test Loss 0.0445
Epoch 169/1500 : Average Loss 0.0562. Test Loss 0.0478
Epoch 170/1500 : Average Loss 0.0596. Test Loss 0.0615
Epoch 171/1500 : Average Loss 0.0598. Test Loss 0.0502
Epoch 172/1500 : Average Loss 0.0585. Test Loss 0.0640
Epoch 173/1500 : Average Loss 0.0584. Test Loss 0.0513
Epoch 174/1500 : Average Loss 0.0555. Test Loss 0.0490
Epoch 175/1500 : Average Loss 0.0559. Test Loss 0.0535
Epoch 176/1500 : Average Loss 0.0584. Test Loss 0.0577
Epoch 177/1500 : Average Loss 0.0598. Test Loss 0.0513
Epoch 178/1500 : Average Loss 0.0553. Test Loss 0.0507
Epoch 179/1500 : Average Loss 0.0586. Test Loss 0.0568
Epoch 180/1500 : Average Loss 0.0572. Test Loss 0.0570
Epoch 181/1500 : Average Loss 0.0576. Test Loss 0.0529
Epoch 182/1500 : Average Loss 0.0602. Test Loss 0.0564
Epoch 183/1500 : Average Loss 0.0568. Test Loss 0.0514
Epoch 184/1500 : Average Loss 0.0574. Test Loss 0.0548
Epoch 185/1500 : Average Loss 0.0547. Test Loss 0.0591
Epoch 186/1500 : Average Loss 0.0584. Test Loss 0.0498
Epoch 187/1500 : Average Loss 0.0585. Test Loss 0.0700
Epoch 188/1500 : Average Loss 0.0551. Test Loss 0.0608
Epoch 189/1500 : Average Loss 0.0603. Test Loss 0.0535
Epoch 190/1500 : Average Loss 0.0574. Test Loss 0.0590
Epoch 191/1500 : Average Loss 0.0596. Test Loss 0.0611
Epoch 192/1500 : Average Loss 0.0593. Test Loss 0.0560
Epoch 193/1500 : Average Loss 0.0554. Test Loss 0.0548
Epoch 194/1500 : Average Loss 0.0600. Test Loss 0.0542
Epoch 195/1500 : Average Loss 0.0557. Test Loss 0.0576
Epoch 196/1500 : Average Loss 0.0568. Test Loss 0.0628
Epoch 197/1500 : Average Loss 0.0584. Test Loss 0.0408
Epoch 198/1500 : Average Loss 0.0591. Test Loss 0.0520
Epoch 199/1500 : Average Loss 0.0577. Test Loss 0.0602
Epoch 200/1500 : Average Loss 0.0546. Test Loss 0.0530
Epoch 201/1500 : Average Loss 0.0577. Test Loss 0.0517
Epoch 202/1500 : Average Loss 0.0558. Test Loss 0.0457
Epoch 203/1500 : Average Loss 0.0585. Test Loss 0.0451
Epoch 204/1500 : Average Loss 0.0571. Test Loss 0.0571
Epoch 205/1500 : Average Loss 0.0565. Test Loss 0.0542
Epoch 206/1500 : Average Loss 0.0565. Test Loss 0.0511
Epoch 207/1500 : Average Loss 0.0573. Test Loss 0.0505
Epoch 208/1500 : Average Loss 0.0544. Test Loss 0.0668
Epoch 209/1500 : Average Loss 0.0573. Test Loss 0.0509
Epoch 210/1500 : Average Loss 0.0567. Test Loss 0.0643
Epoch 211/1500 : Average Loss 0.0550. Test Loss 0.0586
Epoch 212/1500 : Average Loss 0.0539. Test Loss 0.0526
Epoch 213/1500 : Average Loss 0.0572. Test Loss 0.0620
Epoch 214/1500 : Average Loss 0.0625. Test Loss 0.0504
Epoch 215/1500 : Average Loss 0.0583. Test Loss 0.0538
Epoch 216/1500 : Average Loss 0.0597. Test Loss 0.0580
Epoch 217/1500 : Average Loss 0.0552. Test Loss 0.0571
Epoch 218/1500 : Average Loss 0.0533. Test Loss 0.0451
Epoch 219/1500 : Average Loss 0.0598. Test Loss 0.0544
Epoch 220/1500 : Average Loss 0.0527. Test Loss 0.0582
Epoch 221/1500 : Average Loss 0.0579. Test Loss 0.0603
Epoch 222/1500 : Average Loss 0.0547. Test Loss 0.0513
Epoch 223/1500 : Average Loss 0.0554. Test Loss 0.0511
Epoch 224/1500 : Average Loss 0.0563. Test Loss 0.0450
Epoch 225/1500 : Average Loss 0.0588. Test Loss 0.0534
Epoch 226/1500 : Average Loss 0.0570. Test Loss 0.0532
Epoch 227/1500 : Average Loss 0.0593. Test Loss 0.0583
Epoch 228/1500 : Average Loss 0.0542. Test Loss 0.0516
Epoch 229/1500 : Average Loss 0.0540. Test Loss 0.0577
Epoch 230/1500 : Average Loss 0.0565. Test Loss 0.0537
Epoch 231/1500 : Average Loss 0.0522. Test Loss 0.0560
Epoch 232/1500 : Average Loss 0.0541. Test Loss 0.0537
Epoch 233/1500 : Average Loss 0.0596. Test Loss 0.0593
Epoch 234/1500 : Average Loss 0.0624. Test Loss 0.0556
Epoch 235/1500 : Average Loss 0.0566. Test Loss 0.0517
Epoch 236/1500 : Average Loss 0.0541. Test Loss 0.0585
Epoch 237/1500 : Average Loss 0.0585. Test Loss 0.0525
Epoch 238/1500 : Average Loss 0.0556. Test Loss 0.0568
Epoch 239/1500 : Average Loss 0.0541. Test Loss 0.0608
Epoch 240/1500 : Average Loss 0.0565. Test Loss 0.0541
Epoch 241/1500 : Average Loss 0.0558. Test Loss 0.0634
Epoch 242/1500 : Average Loss 0.0555. Test Loss 0.0654
Epoch 243/1500 : Average Loss 0.0585. Test Loss 0.0546
Epoch 244/1500 : Average Loss 0.0556. Test Loss 0.0604
Epoch 245/1500 : Average Loss 0.0551. Test Loss 0.0544
Epoch 246/1500 : Average Loss 0.0571. Test Loss 0.0541
Epoch 247/1500 : Average Loss 0.0564. Test Loss 0.0543
Epoch 248/1500 : Average Loss 0.0572. Test Loss 0.0612
Epoch 249/1500 : Average Loss 0.0562. Test Loss 0.0558
Epoch 250/1500 : Average Loss 0.0582. Test Loss 0.0561
Epoch 251/1500 : Average Loss 0.0527. Test Loss 0.0511
Epoch 252/1500 : Average Loss 0.0601. Test Loss 0.0566
Epoch 253/1500 : Average Loss 0.0571. Test Loss 0.0523
Epoch 254/1500 : Average Loss 0.0552. Test Loss 0.0460
Epoch 255/1500 : Average Loss 0.0555. Test Loss 0.0528
Epoch 256/1500 : Average Loss 0.0552. Test Loss 0.0537
Epoch 257/1500 : Average Loss 0.0556. Test Loss 0.0457
Epoch 258/1500 : Average Loss 0.0548. Test Loss 0.0480
Epoch 259/1500 : Average Loss 0.0566. Test Loss 0.0489
Epoch 260/1500 : Average Loss 0.0566. Test Loss 0.0516
Epoch 261/1500 : Average Loss 0.0543. Test Loss 0.0460
Epoch 262/1500 : Average Loss 0.0594. Test Loss 0.0492
Epoch 263/1500 : Average Loss 0.0561. Test Loss 0.0573
Epoch 264/1500 : Average Loss 0.0590. Test Loss 0.0462
Epoch 265/1500 : Average Loss 0.0569. Test Loss 0.0468
Epoch 266/1500 : Average Loss 0.0609. Test Loss 0.0542
Epoch 267/1500 : Average Loss 0.0570. Test Loss 0.0630
Epoch 268/1500 : Average Loss 0.0530. Test Loss 0.0577
Epoch 269/1500 : Average Loss 0.0553. Test Loss 0.0497
Epoch 270/1500 : Average Loss 0.0555. Test Loss 0.0475
Epoch 271/1500 : Average Loss 0.0568. Test Loss 0.0430
Epoch 272/1500 : Average Loss 0.0521. Test Loss 0.0565
Epoch 273/1500 : Average Loss 0.0565. Test Loss 0.0561
Epoch 274/1500 : Average Loss 0.0564. Test Loss 0.0505
Epoch 275/1500 : Average Loss 0.0578. Test Loss 0.0586
Epoch 276/1500 : Average Loss 0.0516. Test Loss 0.0638
Epoch 277/1500 : Average Loss 0.0563. Test Loss 0.0536
Epoch 278/1500 : Average Loss 0.0579. Test Loss 0.0477
Epoch 279/1500 : Average Loss 0.0573. Test Loss 0.0501
Epoch 280/1500 : Average Loss 0.0541. Test Loss 0.0573
Epoch 281/1500 : Average Loss 0.0581. Test Loss 0.0565
Epoch 282/1500 : Average Loss 0.0533. Test Loss 0.0508
Epoch 283/1500 : Average Loss 0.0602. Test Loss 0.0549
Epoch 284/1500 : Average Loss 0.0551. Test Loss 0.0549
Epoch 285/1500 : Average Loss 0.0547. Test Loss 0.0502
Epoch 286/1500 : Average Loss 0.0581. Test Loss 0.0556
Epoch 287/1500 : Average Loss 0.0555. Test Loss 0.0597
Epoch 288/1500 : Average Loss 0.0540. Test Loss 0.0602
Epoch 289/1500 : Average Loss 0.0603. Test Loss 0.0502
Epoch 290/1500 : Average Loss 0.0542. Test Loss 0.0583
Epoch 291/1500 : Average Loss 0.0535. Test Loss 0.0502
Epoch 292/1500 : Average Loss 0.0573. Test Loss 0.0567
Epoch 293/1500 : Average Loss 0.0524. Test Loss 0.0539
Epoch 294/1500 : Average Loss 0.0538. Test Loss 0.0529
Epoch 295/1500 : Average Loss 0.0546. Test Loss 0.0560
Epoch 296/1500 : Average Loss 0.0513. Test Loss 0.0494
Epoch 297/1500 : Average Loss 0.0571. Test Loss 0.0535
Epoch 298/1500 : Average Loss 0.0544. Test Loss 0.0558
Epoch 299/1500 : Average Loss 0.0565. Test Loss 0.0573
Epoch 300/1500 : Average Loss 0.0566. Test Loss 0.0557
Epoch 301/1500 : Average Loss 0.0548. Test Loss 0.0398
Epoch 302/1500 : Average Loss 0.0537. Test Loss 0.0447
Epoch 303/1500 : Average Loss 0.0559. Test Loss 0.0479
Epoch 304/1500 : Average Loss 0.0549. Test Loss 0.0553
Epoch 305/1500 : Average Loss 0.0527. Test Loss 0.0597
Epoch 306/1500 : Average Loss 0.0533. Test Loss 0.0537
Epoch 307/1500 : Average Loss 0.0560. Test Loss 0.0536
Epoch 308/1500 : Average Loss 0.0532. Test Loss 0.0439
Epoch 309/1500 : Average Loss 0.0552. Test Loss 0.0515
Epoch 310/1500 : Average Loss 0.0525. Test Loss 0.0502
Epoch 311/1500 : Average Loss 0.0555. Test Loss 0.0568
Epoch 312/1500 : Average Loss 0.0562. Test Loss 0.0485
Epoch 313/1500 : Average Loss 0.0542. Test Loss 0.0529
Epoch 314/1500 : Average Loss 0.0526. Test Loss 0.0528
Epoch 315/1500 : Average Loss 0.0564. Test Loss 0.0555
Epoch 316/1500 : Average Loss 0.0543. Test Loss 0.0531
Epoch 317/1500 : Average Loss 0.0538. Test Loss 0.0594
Epoch 318/1500 : Average Loss 0.0515. Test Loss 0.0573
Epoch 319/1500 : Average Loss 0.0558. Test Loss 0.0508
Epoch 320/1500 : Average Loss 0.0524. Test Loss 0.0448
Epoch 321/1500 : Average Loss 0.0543. Test Loss 0.0545
Epoch 322/1500 : Average Loss 0.0566. Test Loss 0.0558
Epoch 323/1500 : Average Loss 0.0586. Test Loss 0.0462
Epoch 324/1500 : Average Loss 0.0541. Test Loss 0.0547
Epoch 325/1500 : Average Loss 0.0572. Test Loss 0.0551
Epoch 326/1500 : Average Loss 0.0545. Test Loss 0.0588
Epoch 327/1500 : Average Loss 0.0515. Test Loss 0.0618
Epoch 328/1500 : Average Loss 0.0535. Test Loss 0.0445
Epoch 329/1500 : Average Loss 0.0569. Test Loss 0.0457
Epoch 330/1500 : Average Loss 0.0565. Test Loss 0.0526
Epoch 331/1500 : Average Loss 0.0539. Test Loss 0.0586
Epoch 332/1500 : Average Loss 0.0551. Test Loss 0.0554
Epoch 333/1500 : Average Loss 0.0570. Test Loss 0.0492
Epoch 334/1500 : Average Loss 0.0538. Test Loss 0.0505
Epoch 335/1500 : Average Loss 0.0523. Test Loss 0.0471
Epoch 336/1500 : Average Loss 0.0529. Test Loss 0.0582
Epoch 337/1500 : Average Loss 0.0557. Test Loss 0.0482
Epoch 338/1500 : Average Loss 0.0570. Test Loss 0.0578
Epoch 339/1500 : Average Loss 0.0516. Test Loss 0.0402
Epoch 340/1500 : Average Loss 0.0509. Test Loss 0.0567
Epoch 341/1500 : Average Loss 0.0519. Test Loss 0.0519
Epoch 342/1500 : Average Loss 0.0561. Test Loss 0.0575
Epoch 343/1500 : Average Loss 0.0537. Test Loss 0.0604
Epoch 344/1500 : Average Loss 0.0551. Test Loss 0.0506
Epoch 345/1500 : Average Loss 0.0557. Test Loss 0.0557
Epoch 346/1500 : Average Loss 0.0567. Test Loss 0.0548
Epoch 347/1500 : Average Loss 0.0520. Test Loss 0.0542
Epoch 348/1500 : Average Loss 0.0549. Test Loss 0.0488
Epoch 349/1500 : Average Loss 0.0539. Test Loss 0.0584
Epoch 350/1500 : Average Loss 0.0550. Test Loss 0.0597
Epoch 351/1500 : Average Loss 0.0540. Test Loss 0.0476
Epoch 352/1500 : Average Loss 0.0560. Test Loss 0.0551
Epoch 353/1500 : Average Loss 0.0594. Test Loss 0.0528
Epoch 354/1500 : Average Loss 0.0551. Test Loss 0.0518
Epoch 355/1500 : Average Loss 0.0537. Test Loss 0.0510
Epoch 356/1500 : Average Loss 0.0557. Test Loss 0.0530
Epoch 357/1500 : Average Loss 0.0547. Test Loss 0.0549
Epoch 358/1500 : Average Loss 0.0571. Test Loss 0.0483
Epoch 359/1500 : Average Loss 0.0545. Test Loss 0.0495
Epoch 360/1500 : Average Loss 0.0539. Test Loss 0.0549
Epoch 361/1500 : Average Loss 0.0527. Test Loss 0.0538
Epoch 362/1500 : Average Loss 0.0552. Test Loss 0.0500
Epoch 363/1500 : Average Loss 0.0536. Test Loss 0.0612
Epoch 364/1500 : Average Loss 0.0556. Test Loss 0.0591
Epoch 365/1500 : Average Loss 0.0532. Test Loss 0.0536
Epoch 366/1500 : Average Loss 0.0506. Test Loss 0.0491
Epoch 367/1500 : Average Loss 0.0551. Test Loss 0.0511
Epoch 368/1500 : Average Loss 0.0567. Test Loss 0.0417
Epoch 369/1500 : Average Loss 0.0532. Test Loss 0.0470
Epoch 370/1500 : Average Loss 0.0515. Test Loss 0.0523
Epoch 371/1500 : Average Loss 0.0555. Test Loss 0.0474
Epoch 372/1500 : Average Loss 0.0549. Test Loss 0.0487
Epoch 373/1500 : Average Loss 0.0526. Test Loss 0.0557
Epoch 374/1500 : Average Loss 0.0552. Test Loss 0.0537
Epoch 375/1500 : Average Loss 0.0537. Test Loss 0.0467
Epoch 376/1500 : Average Loss 0.0540. Test Loss 0.0482
Epoch 377/1500 : Average Loss 0.0548. Test Loss 0.0466
Epoch 378/1500 : Average Loss 0.0551. Test Loss 0.0535
Epoch 379/1500 : Average Loss 0.0545. Test Loss 0.0508
Epoch 380/1500 : Average Loss 0.0556. Test Loss 0.0550
Epoch 381/1500 : Average Loss 0.0552. Test Loss 0.0502
Epoch 382/1500 : Average Loss 0.0549. Test Loss 0.0549
Epoch 383/1500 : Average Loss 0.0548. Test Loss 0.0427
Epoch 384/1500 : Average Loss 0.0533. Test Loss 0.0575
Epoch 385/1500 : Average Loss 0.0544. Test Loss 0.0562
Epoch 386/1500 : Average Loss 0.0536. Test Loss 0.0522
Epoch 387/1500 : Average Loss 0.0562. Test Loss 0.0587
Epoch 388/1500 : Average Loss 0.0570. Test Loss 0.0559
Epoch 389/1500 : Average Loss 0.0542. Test Loss 0.0543
Epoch 390/1500 : Average Loss 0.0521. Test Loss 0.0525
Epoch 391/1500 : Average Loss 0.0570. Test Loss 0.0608
Epoch 392/1500 : Average Loss 0.0541. Test Loss 0.0587
Epoch 393/1500 : Average Loss 0.0547. Test Loss 0.0453
Epoch 394/1500 : Average Loss 0.0553. Test Loss 0.0475
Epoch 395/1500 : Average Loss 0.0553. Test Loss 0.0574
Epoch 396/1500 : Average Loss 0.0560. Test Loss 0.0531
Epoch 397/1500 : Average Loss 0.0513. Test Loss 0.0518
Epoch 398/1500 : Average Loss 0.0539. Test Loss 0.0578
Epoch 399/1500 : Average Loss 0.0506. Test Loss 0.0487
Epoch 400/1500 : Average Loss 0.0558. Test Loss 0.0485
Epoch 401/1500 : Average Loss 0.0531. Test Loss 0.0517
Epoch 402/1500 : Average Loss 0.0519. Test Loss 0.0572
Epoch 403/1500 : Average Loss 0.0562. Test Loss 0.0486
Epoch 404/1500 : Average Loss 0.0523. Test Loss 0.0560
Epoch 405/1500 : Average Loss 0.0535. Test Loss 0.0443
Epoch 406/1500 : Average Loss 0.0536. Test Loss 0.0491
Epoch 407/1500 : Average Loss 0.0551. Test Loss 0.0491
Epoch 408/1500 : Average Loss 0.0571. Test Loss 0.0616
Epoch 409/1500 : Average Loss 0.0551. Test Loss 0.0535
Epoch 410/1500 : Average Loss 0.0519. Test Loss 0.0544
Epoch 411/1500 : Average Loss 0.0553. Test Loss 0.0557
Epoch 412/1500 : Average Loss 0.0569. Test Loss 0.0441
Epoch 413/1500 : Average Loss 0.0518. Test Loss 0.0527
Epoch 414/1500 : Average Loss 0.0547. Test Loss 0.0489
Epoch 415/1500 : Average Loss 0.0551. Test Loss 0.0452
Epoch 416/1500 : Average Loss 0.0552. Test Loss 0.0505
Epoch 417/1500 : Average Loss 0.0530. Test Loss 0.0601
Epoch 418/1500 : Average Loss 0.0550. Test Loss 0.0560
Epoch 419/1500 : Average Loss 0.0561. Test Loss 0.0517
Epoch 420/1500 : Average Loss 0.0504. Test Loss 0.0539
Epoch 421/1500 : Average Loss 0.0543. Test Loss 0.0456
Epoch 422/1500 : Average Loss 0.0553. Test Loss 0.0439
Epoch 423/1500 : Average Loss 0.0534. Test Loss 0.0560
Epoch 424/1500 : Average Loss 0.0573. Test Loss 0.0593
Epoch 425/1500 : Average Loss 0.0557. Test Loss 0.0633
Epoch 426/1500 : Average Loss 0.0583. Test Loss 0.0521
Epoch 427/1500 : Average Loss 0.0543. Test Loss 0.0538
Epoch 428/1500 : Average Loss 0.0528. Test Loss 0.0581
Epoch 429/1500 : Average Loss 0.0501. Test Loss 0.0535
Epoch 430/1500 : Average Loss 0.0530. Test Loss 0.0469
Epoch 431/1500 : Average Loss 0.0519. Test Loss 0.0501
Epoch 432/1500 : Average Loss 0.0541. Test Loss 0.0510
Epoch 433/1500 : Average Loss 0.0564. Test Loss 0.0518
Epoch 434/1500 : Average Loss 0.0523. Test Loss 0.0465
Epoch 435/1500 : Average Loss 0.0533. Test Loss 0.0526
Epoch 436/1500 : Average Loss 0.0561. Test Loss 0.0523
Epoch 437/1500 : Average Loss 0.0538. Test Loss 0.0482
Epoch 438/1500 : Average Loss 0.0535. Test Loss 0.0584
Epoch 439/1500 : Average Loss 0.0552. Test Loss 0.0548
Epoch 440/1500 : Average Loss 0.0531. Test Loss 0.0528
Epoch 441/1500 : Average Loss 0.0537. Test Loss 0.0454
Epoch 442/1500 : Average Loss 0.0530. Test Loss 0.0611
Epoch 443/1500 : Average Loss 0.0514. Test Loss 0.0499
Epoch 444/1500 : Average Loss 0.0532. Test Loss 0.0443
Epoch 445/1500 : Average Loss 0.0519. Test Loss 0.0581
Epoch 446/1500 : Average Loss 0.0540. Test Loss 0.0567
Epoch 447/1500 : Average Loss 0.0567. Test Loss 0.0587
Epoch 448/1500 : Average Loss 0.0536. Test Loss 0.0561
Epoch 449/1500 : Average Loss 0.0547. Test Loss 0.0475
Epoch 450/1500 : Average Loss 0.0501. Test Loss 0.0515
Epoch 451/1500 : Average Loss 0.0558. Test Loss 0.0607
Epoch 452/1500 : Average Loss 0.0532. Test Loss 0.0504
Epoch 453/1500 : Average Loss 0.0563. Test Loss 0.0518
Epoch 454/1500 : Average Loss 0.0514. Test Loss 0.0444
Epoch 455/1500 : Average Loss 0.0565. Test Loss 0.0493
Epoch 456/1500 : Average Loss 0.0522. Test Loss 0.0508
Epoch 457/1500 : Average Loss 0.0506. Test Loss 0.0487
Epoch 458/1500 : Average Loss 0.0550. Test Loss 0.0523
Epoch 459/1500 : Average Loss 0.0530. Test Loss 0.0562
Epoch 460/1500 : Average Loss 0.0559. Test Loss 0.0560
Epoch 461/1500 : Average Loss 0.0528. Test Loss 0.0539
Epoch 462/1500 : Average Loss 0.0546. Test Loss 0.0444
Epoch 463/1500 : Average Loss 0.0515. Test Loss 0.0564
Epoch 464/1500 : Average Loss 0.0530. Test Loss 0.0471
Epoch 465/1500 : Average Loss 0.0549. Test Loss 0.0446
Epoch 466/1500 : Average Loss 0.0535. Test Loss 0.0558
Epoch 467/1500 : Average Loss 0.0532. Test Loss 0.0614
Epoch 468/1500 : Average Loss 0.0542. Test Loss 0.0526
Epoch 469/1500 : Average Loss 0.0504. Test Loss 0.0491
Epoch 470/1500 : Average Loss 0.0517. Test Loss 0.0490
Epoch 471/1500 : Average Loss 0.0524. Test Loss 0.0663
Epoch 472/1500 : Average Loss 0.0526. Test Loss 0.0569
Epoch 473/1500 : Average Loss 0.0537. Test Loss 0.0462
Epoch 474/1500 : Average Loss 0.0526. Test Loss 0.0502
Epoch 475/1500 : Average Loss 0.0508. Test Loss 0.0572
Epoch 476/1500 : Average Loss 0.0523. Test Loss 0.0556
Epoch 477/1500 : Average Loss 0.0545. Test Loss 0.0555
Epoch 478/1500 : Average Loss 0.0535. Test Loss 0.0482
Epoch 479/1500 : Average Loss 0.0505. Test Loss 0.0513
Epoch 480/1500 : Average Loss 0.0540. Test Loss 0.0465
Epoch 481/1500 : Average Loss 0.0546. Test Loss 0.0540
Epoch 482/1500 : Average Loss 0.0559. Test Loss 0.0461
Epoch 483/1500 : Average Loss 0.0543. Test Loss 0.0509
Epoch 484/1500 : Average Loss 0.0477. Test Loss 0.0496
Epoch 485/1500 : Average Loss 0.0498. Test Loss 0.0496
Epoch 486/1500 : Average Loss 0.0537. Test Loss 0.0473
Epoch 487/1500 : Average Loss 0.0553. Test Loss 0.0547
Epoch 488/1500 : Average Loss 0.0541. Test Loss 0.0468
Epoch 489/1500 : Average Loss 0.0510. Test Loss 0.0462
Epoch 490/1500 : Average Loss 0.0511. Test Loss 0.0586
Epoch 491/1500 : Average Loss 0.0513. Test Loss 0.0553
Epoch 492/1500 : Average Loss 0.0534. Test Loss 0.0485
Epoch 493/1500 : Average Loss 0.0547. Test Loss 0.0552
Epoch 494/1500 : Average Loss 0.0502. Test Loss 0.0554
Epoch 495/1500 : Average Loss 0.0559. Test Loss 0.0447
Epoch 496/1500 : Average Loss 0.0533. Test Loss 0.0548
Epoch 497/1500 : Average Loss 0.0526. Test Loss 0.0513
Epoch 498/1500 : Average Loss 0.0546. Test Loss 0.0416
Epoch 499/1500 : Average Loss 0.0567. Test Loss 0.0635
Epoch 500/1500 : Average Loss 0.0518. Test Loss 0.0562
Epoch 501/1500 : Average Loss 0.0492. Test Loss 0.0477
Epoch 502/1500 : Average Loss 0.0534. Test Loss 0.0534
Epoch 503/1500 : Average Loss 0.0504. Test Loss 0.0465
Epoch 504/1500 : Average Loss 0.0558. Test Loss 0.0501
Epoch 505/1500 : Average Loss 0.0520. Test Loss 0.0531
Epoch 506/1500 : Average Loss 0.0545. Test Loss 0.0442
Epoch 507/1500 : Average Loss 0.0507. Test Loss 0.0513
Epoch 508/1500 : Average Loss 0.0522. Test Loss 0.0519
Epoch 509/1500 : Average Loss 0.0502. Test Loss 0.0494
Epoch 510/1500 : Average Loss 0.0509. Test Loss 0.0498
Epoch 511/1500 : Average Loss 0.0529. Test Loss 0.0516
Epoch 512/1500 : Average Loss 0.0523. Test Loss 0.0589
Epoch 513/1500 : Average Loss 0.0547. Test Loss 0.0459
Epoch 514/1500 : Average Loss 0.0544. Test Loss 0.0578
Epoch 515/1500 : Average Loss 0.0494. Test Loss 0.0477
Epoch 516/1500 : Average Loss 0.0529. Test Loss 0.0548
Epoch 517/1500 : Average Loss 0.0565. Test Loss 0.0522
Epoch 518/1500 : Average Loss 0.0539. Test Loss 0.0541
Epoch 519/1500 : Average Loss 0.0505. Test Loss 0.0446
Epoch 520/1500 : Average Loss 0.0504. Test Loss 0.0460
Epoch 521/1500 : Average Loss 0.0514. Test Loss 0.0431
Epoch 522/1500 : Average Loss 0.0532. Test Loss 0.0447
Epoch 523/1500 : Average Loss 0.0540. Test Loss 0.0569
Epoch 524/1500 : Average Loss 0.0543. Test Loss 0.0524
Epoch 525/1500 : Average Loss 0.0541. Test Loss 0.0403
Epoch 526/1500 : Average Loss 0.0530. Test Loss 0.0501
Epoch 527/1500 : Average Loss 0.0526. Test Loss 0.0458
Epoch 528/1500 : Average Loss 0.0573. Test Loss 0.0426
Epoch 529/1500 : Average Loss 0.0491. Test Loss 0.0434
Epoch 530/1500 : Average Loss 0.0537. Test Loss 0.0409
Epoch 531/1500 : Average Loss 0.0528. Test Loss 0.0520
Epoch 532/1500 : Average Loss 0.0509. Test Loss 0.0524
Epoch 533/1500 : Average Loss 0.0499. Test Loss 0.0438
Epoch 534/1500 : Average Loss 0.0500. Test Loss 0.0566
Epoch 535/1500 : Average Loss 0.0519. Test Loss 0.0519
Epoch 536/1500 : Average Loss 0.0511. Test Loss 0.0553
Epoch 537/1500 : Average Loss 0.0532. Test Loss 0.0479
Epoch 538/1500 : Average Loss 0.0546. Test Loss 0.0507
Epoch 539/1500 : Average Loss 0.0569. Test Loss 0.0504
Epoch 540/1500 : Average Loss 0.0538. Test Loss 0.0501
Epoch 541/1500 : Average Loss 0.0546. Test Loss 0.0493
Epoch 542/1500 : Average Loss 0.0530. Test Loss 0.0530
Epoch 543/1500 : Average Loss 0.0495. Test Loss 0.0534
Epoch 544/1500 : Average Loss 0.0522. Test Loss 0.0541
Epoch 545/1500 : Average Loss 0.0505. Test Loss 0.0557
Epoch 546/1500 : Average Loss 0.0499. Test Loss 0.0615
Epoch 547/1500 : Average Loss 0.0491. Test Loss 0.0506
Epoch 548/1500 : Average Loss 0.0475. Test Loss 0.0479
Epoch 549/1500 : Average Loss 0.0520. Test Loss 0.0572
Epoch 550/1500 : Average Loss 0.0553. Test Loss 0.0494
Epoch 551/1500 : Average Loss 0.0501. Test Loss 0.0536
Epoch 552/1500 : Average Loss 0.0537. Test Loss 0.0452
Epoch 553/1500 : Average Loss 0.0502. Test Loss 0.0482
Epoch 554/1500 : Average Loss 0.0504. Test Loss 0.0504
Epoch 555/1500 : Average Loss 0.0504. Test Loss 0.0535
Epoch 556/1500 : Average Loss 0.0526. Test Loss 0.0488
Epoch 557/1500 : Average Loss 0.0534. Test Loss 0.0456
Epoch 558/1500 : Average Loss 0.0521. Test Loss 0.0657
Epoch 559/1500 : Average Loss 0.0529. Test Loss 0.0566
Epoch 560/1500 : Average Loss 0.0552. Test Loss 0.0475
Epoch 561/1500 : Average Loss 0.0508. Test Loss 0.0514
Epoch 562/1500 : Average Loss 0.0512. Test Loss 0.0544
Epoch 563/1500 : Average Loss 0.0522. Test Loss 0.0622
Epoch 564/1500 : Average Loss 0.0546. Test Loss 0.0451
Epoch 565/1500 : Average Loss 0.0529. Test Loss 0.0445
Epoch 566/1500 : Average Loss 0.0516. Test Loss 0.0563
Epoch 567/1500 : Average Loss 0.0521. Test Loss 0.0495
Epoch 568/1500 : Average Loss 0.0496. Test Loss 0.0522
Epoch 569/1500 : Average Loss 0.0540. Test Loss 0.0539
Epoch 570/1500 : Average Loss 0.0493. Test Loss 0.0489
Epoch 571/1500 : Average Loss 0.0547. Test Loss 0.0470
Epoch 572/1500 : Average Loss 0.0521. Test Loss 0.0582
Epoch 573/1500 : Average Loss 0.0523. Test Loss 0.0454
Epoch 574/1500 : Average Loss 0.0515. Test Loss 0.0548
Epoch 575/1500 : Average Loss 0.0512. Test Loss 0.0538
Epoch 576/1500 : Average Loss 0.0508. Test Loss 0.0559
Epoch 577/1500 : Average Loss 0.0529. Test Loss 0.0474
Epoch 578/1500 : Average Loss 0.0526. Test Loss 0.0510
Epoch 579/1500 : Average Loss 0.0523. Test Loss 0.0567
Epoch 580/1500 : Average Loss 0.0532. Test Loss 0.0566
Epoch 581/1500 : Average Loss 0.0518. Test Loss 0.0459
Epoch 582/1500 : Average Loss 0.0537. Test Loss 0.0601
Epoch 583/1500 : Average Loss 0.0500. Test Loss 0.0484
Epoch 584/1500 : Average Loss 0.0504. Test Loss 0.0484
Epoch 585/1500 : Average Loss 0.0491. Test Loss 0.0534
Epoch 586/1500 : Average Loss 0.0551. Test Loss 0.0533
Epoch 587/1500 : Average Loss 0.0530. Test Loss 0.0543
Epoch 588/1500 : Average Loss 0.0541. Test Loss 0.0470
Epoch 589/1500 : Average Loss 0.0514. Test Loss 0.0500
Epoch 590/1500 : Average Loss 0.0527. Test Loss 0.0576
Epoch 591/1500 : Average Loss 0.0496. Test Loss 0.0490
Epoch 592/1500 : Average Loss 0.0532. Test Loss 0.0510
Epoch 593/1500 : Average Loss 0.0507. Test Loss 0.0340
Epoch 594/1500 : Average Loss 0.0553. Test Loss 0.0592
Epoch 595/1500 : Average Loss 0.0504. Test Loss 0.0465
Epoch 596/1500 : Average Loss 0.0531. Test Loss 0.0466
Epoch 597/1500 : Average Loss 0.0522. Test Loss 0.0487
Epoch 598/1500 : Average Loss 0.0511. Test Loss 0.0494
Epoch 599/1500 : Average Loss 0.0498. Test Loss 0.0516
Epoch 600/1500 : Average Loss 0.0528. Test Loss 0.0439
Epoch 601/1500 : Average Loss 0.0508. Test Loss 0.0461
Epoch 602/1500 : Average Loss 0.0567. Test Loss 0.0550
Epoch 603/1500 : Average Loss 0.0503. Test Loss 0.0429
Epoch 604/1500 : Average Loss 0.0524. Test Loss 0.0530
Epoch 605/1500 : Average Loss 0.0545. Test Loss 0.0497
Epoch 606/1500 : Average Loss 0.0529. Test Loss 0.0618
Epoch 607/1500 : Average Loss 0.0513. Test Loss 0.0471
Epoch 608/1500 : Average Loss 0.0494. Test Loss 0.0511
Epoch 609/1500 : Average Loss 0.0529. Test Loss 0.0479
Epoch 610/1500 : Average Loss 0.0507. Test Loss 0.0516
Epoch 611/1500 : Average Loss 0.0505. Test Loss 0.0561
Epoch 612/1500 : Average Loss 0.0535. Test Loss 0.0421
Epoch 613/1500 : Average Loss 0.0517. Test Loss 0.0544
Epoch 614/1500 : Average Loss 0.0514. Test Loss 0.0509
Epoch 615/1500 : Average Loss 0.0520. Test Loss 0.0472
Epoch 616/1500 : Average Loss 0.0532. Test Loss 0.0571
Epoch 617/1500 : Average Loss 0.0488. Test Loss 0.0495
Epoch 618/1500 : Average Loss 0.0513. Test Loss 0.0509
Epoch 619/1500 : Average Loss 0.0518. Test Loss 0.0501
Epoch 620/1500 : Average Loss 0.0506. Test Loss 0.0573
Epoch 621/1500 : Average Loss 0.0546. Test Loss 0.0399
Epoch 622/1500 : Average Loss 0.0506. Test Loss 0.0666
Epoch 623/1500 : Average Loss 0.0511. Test Loss 0.0446
Epoch 624/1500 : Average Loss 0.0501. Test Loss 0.0512
Epoch 625/1500 : Average Loss 0.0515. Test Loss 0.0480
Epoch 626/1500 : Average Loss 0.0528. Test Loss 0.0545
Epoch 627/1500 : Average Loss 0.0532. Test Loss 0.0525
Epoch 628/1500 : Average Loss 0.0523. Test Loss 0.0492
Epoch 629/1500 : Average Loss 0.0525. Test Loss 0.0563
Epoch 630/1500 : Average Loss 0.0520. Test Loss 0.0516
Epoch 631/1500 : Average Loss 0.0528. Test Loss 0.0480
Epoch 632/1500 : Average Loss 0.0490. Test Loss 0.0494
Epoch 633/1500 : Average Loss 0.0545. Test Loss 0.0518
Epoch 634/1500 : Average Loss 0.0511. Test Loss 0.0463
Epoch 635/1500 : Average Loss 0.0488. Test Loss 0.0465
Epoch 636/1500 : Average Loss 0.0494. Test Loss 0.0479
Epoch 637/1500 : Average Loss 0.0518. Test Loss 0.0466
Epoch 638/1500 : Average Loss 0.0517. Test Loss 0.0521
Epoch 639/1500 : Average Loss 0.0491. Test Loss 0.0442
Epoch 640/1500 : Average Loss 0.0499. Test Loss 0.0462
Epoch 641/1500 : Average Loss 0.0529. Test Loss 0.0455
Epoch 642/1500 : Average Loss 0.0486. Test Loss 0.0453
Epoch 643/1500 : Average Loss 0.0506. Test Loss 0.0538
Epoch 644/1500 : Average Loss 0.0519. Test Loss 0.0434
Epoch 645/1500 : Average Loss 0.0495. Test Loss 0.0475
Epoch 646/1500 : Average Loss 0.0522. Test Loss 0.0481
Epoch 647/1500 : Average Loss 0.0516. Test Loss 0.0519
Epoch 648/1500 : Average Loss 0.0507. Test Loss 0.0546
Epoch 649/1500 : Average Loss 0.0487. Test Loss 0.0554
Epoch 650/1500 : Average Loss 0.0499. Test Loss 0.0510
Epoch 651/1500 : Average Loss 0.0502. Test Loss 0.0592
Epoch 652/1500 : Average Loss 0.0523. Test Loss 0.0526
Epoch 653/1500 : Average Loss 0.0511. Test Loss 0.0544
Epoch 654/1500 : Average Loss 0.0506. Test Loss 0.0432
Epoch 655/1500 : Average Loss 0.0494. Test Loss 0.0526
Epoch 656/1500 : Average Loss 0.0513. Test Loss 0.0554
Epoch 657/1500 : Average Loss 0.0541. Test Loss 0.0473
Epoch 658/1500 : Average Loss 0.0526. Test Loss 0.0410
Epoch 659/1500 : Average Loss 0.0491. Test Loss 0.0492
Epoch 660/1500 : Average Loss 0.0519. Test Loss 0.0544
Epoch 661/1500 : Average Loss 0.0518. Test Loss 0.0467
Epoch 662/1500 : Average Loss 0.0534. Test Loss 0.0544
Epoch 663/1500 : Average Loss 0.0490. Test Loss 0.0503
Epoch 664/1500 : Average Loss 0.0504. Test Loss 0.0521
Epoch 665/1500 : Average Loss 0.0521. Test Loss 0.0448
Epoch 666/1500 : Average Loss 0.0512. Test Loss 0.0553
Epoch 667/1500 : Average Loss 0.0497. Test Loss 0.0543
Epoch 668/1500 : Average Loss 0.0496. Test Loss 0.0553
Epoch 669/1500 : Average Loss 0.0523. Test Loss 0.0490
Epoch 670/1500 : Average Loss 0.0499. Test Loss 0.0613
Epoch 671/1500 : Average Loss 0.0507. Test Loss 0.0467
Epoch 672/1500 : Average Loss 0.0491. Test Loss 0.0527
Epoch 673/1500 : Average Loss 0.0488. Test Loss 0.0512
Epoch 674/1500 : Average Loss 0.0514. Test Loss 0.0420
Epoch 675/1500 : Average Loss 0.0505. Test Loss 0.0534
Epoch 676/1500 : Average Loss 0.0502. Test Loss 0.0510
Epoch 677/1500 : Average Loss 0.0511. Test Loss 0.0499
Epoch 678/1500 : Average Loss 0.0506. Test Loss 0.0535
Epoch 679/1500 : Average Loss 0.0517. Test Loss 0.0454
Epoch 680/1500 : Average Loss 0.0507. Test Loss 0.0456
Epoch 681/1500 : Average Loss 0.0488. Test Loss 0.0539
Epoch 682/1500 : Average Loss 0.0535. Test Loss 0.0461
Epoch 683/1500 : Average Loss 0.0489. Test Loss 0.0421
Epoch 684/1500 : Average Loss 0.0509. Test Loss 0.0599
Epoch 685/1500 : Average Loss 0.0521. Test Loss 0.0551
Epoch 686/1500 : Average Loss 0.0530. Test Loss 0.0436
Epoch 687/1500 : Average Loss 0.0496. Test Loss 0.0581
Epoch 688/1500 : Average Loss 0.0490. Test Loss 0.0475
Epoch 689/1500 : Average Loss 0.0505. Test Loss 0.0460
Epoch 690/1500 : Average Loss 0.0478. Test Loss 0.0551
Epoch 691/1500 : Average Loss 0.0509. Test Loss 0.0453
Epoch 692/1500 : Average Loss 0.0493. Test Loss 0.0433
Epoch 693/1500 : Average Loss 0.0505. Test Loss 0.0619
Epoch 694/1500 : Average Loss 0.0472. Test Loss 0.0526
Epoch 695/1500 : Average Loss 0.0499. Test Loss 0.0451
Epoch 696/1500 : Average Loss 0.0470. Test Loss 0.0613
Epoch 697/1500 : Average Loss 0.0520. Test Loss 0.0623
Epoch 698/1500 : Average Loss 0.0475. Test Loss 0.0487
Epoch 699/1500 : Average Loss 0.0520. Test Loss 0.0453
Epoch 700/1500 : Average Loss 0.0522. Test Loss 0.0478
Epoch 701/1500 : Average Loss 0.0490. Test Loss 0.0567
Epoch 702/1500 : Average Loss 0.0515. Test Loss 0.0495
Epoch 703/1500 : Average Loss 0.0540. Test Loss 0.0497
Epoch 704/1500 : Average Loss 0.0509. Test Loss 0.0474
Epoch 705/1500 : Average Loss 0.0549. Test Loss 0.0537
Epoch 706/1500 : Average Loss 0.0542. Test Loss 0.0516
Epoch 707/1500 : Average Loss 0.0457. Test Loss 0.0491
Epoch 708/1500 : Average Loss 0.0490. Test Loss 0.0507
Epoch 709/1500 : Average Loss 0.0481. Test Loss 0.0547
Epoch 710/1500 : Average Loss 0.0506. Test Loss 0.0554
Epoch 711/1500 : Average Loss 0.0506. Test Loss 0.0490
Epoch 712/1500 : Average Loss 0.0494. Test Loss 0.0528
Epoch 713/1500 : Average Loss 0.0507. Test Loss 0.0432
Epoch 714/1500 : Average Loss 0.0499. Test Loss 0.0509
Epoch 715/1500 : Average Loss 0.0475. Test Loss 0.0509
Epoch 716/1500 : Average Loss 0.0490. Test Loss 0.0563
Epoch 717/1500 : Average Loss 0.0500. Test Loss 0.0558
Epoch 718/1500 : Average Loss 0.0537. Test Loss 0.0460
Epoch 719/1500 : Average Loss 0.0536. Test Loss 0.0487
Epoch 720/1500 : Average Loss 0.0503. Test Loss 0.0470
Epoch 721/1500 : Average Loss 0.0490. Test Loss 0.0526
Epoch 722/1500 : Average Loss 0.0510. Test Loss 0.0625
Epoch 723/1500 : Average Loss 0.0508. Test Loss 0.0477
Epoch 724/1500 : Average Loss 0.0480. Test Loss 0.0517
Epoch 725/1500 : Average Loss 0.0489. Test Loss 0.0522
Epoch 726/1500 : Average Loss 0.0505. Test Loss 0.0440
Epoch 727/1500 : Average Loss 0.0513. Test Loss 0.0608
Epoch 728/1500 : Average Loss 0.0503. Test Loss 0.0433
Epoch 729/1500 : Average Loss 0.0524. Test Loss 0.0466
Epoch 730/1500 : Average Loss 0.0521. Test Loss 0.0598
Epoch 731/1500 : Average Loss 0.0544. Test Loss 0.0551
Epoch 732/1500 : Average Loss 0.0503. Test Loss 0.0446
Epoch 733/1500 : Average Loss 0.0521. Test Loss 0.0525
Epoch 734/1500 : Average Loss 0.0504. Test Loss 0.0520
Epoch 735/1500 : Average Loss 0.0525. Test Loss 0.0526
Epoch 736/1500 : Average Loss 0.0501. Test Loss 0.0444
Epoch 737/1500 : Average Loss 0.0504. Test Loss 0.0540
Epoch 738/1500 : Average Loss 0.0504. Test Loss 0.0481
Epoch 739/1500 : Average Loss 0.0518. Test Loss 0.0486
Epoch 740/1500 : Average Loss 0.0501. Test Loss 0.0550
Epoch 741/1500 : Average Loss 0.0529. Test Loss 0.0569
Epoch 742/1500 : Average Loss 0.0475. Test Loss 0.0613
Epoch 743/1500 : Average Loss 0.0530. Test Loss 0.0605
Epoch 744/1500 : Average Loss 0.0494. Test Loss 0.0525
Epoch 745/1500 : Average Loss 0.0542. Test Loss 0.0497
Epoch 746/1500 : Average Loss 0.0525. Test Loss 0.0465
Epoch 747/1500 : Average Loss 0.0503. Test Loss 0.0540
Epoch 748/1500 : Average Loss 0.0525. Test Loss 0.0434
Epoch 749/1500 : Average Loss 0.0522. Test Loss 0.0556
Epoch 750/1500 : Average Loss 0.0526. Test Loss 0.0420
Epoch 751/1500 : Average Loss 0.0461. Test Loss 0.0483
Epoch 752/1500 : Average Loss 0.0524. Test Loss 0.0553
Epoch 753/1500 : Average Loss 0.0499. Test Loss 0.0540
Epoch 754/1500 : Average Loss 0.0509. Test Loss 0.0484
Epoch 755/1500 : Average Loss 0.0500. Test Loss 0.0623
Epoch 756/1500 : Average Loss 0.0527. Test Loss 0.0496
Epoch 757/1500 : Average Loss 0.0509. Test Loss 0.0518
Epoch 758/1500 : Average Loss 0.0512. Test Loss 0.0479
Epoch 759/1500 : Average Loss 0.0508. Test Loss 0.0586
Epoch 760/1500 : Average Loss 0.0486. Test Loss 0.0482
Epoch 761/1500 : Average Loss 0.0497. Test Loss 0.0543
Epoch 762/1500 : Average Loss 0.0515. Test Loss 0.0516
Epoch 763/1500 : Average Loss 0.0531. Test Loss 0.0453
Epoch 764/1500 : Average Loss 0.0532. Test Loss 0.0429
Epoch 765/1500 : Average Loss 0.0520. Test Loss 0.0556
Epoch 766/1500 : Average Loss 0.0514. Test Loss 0.0502
Epoch 767/1500 : Average Loss 0.0525. Test Loss 0.0522
Epoch 768/1500 : Average Loss 0.0532. Test Loss 0.0582
Epoch 769/1500 : Average Loss 0.0506. Test Loss 0.0577
Epoch 770/1500 : Average Loss 0.0483. Test Loss 0.0503
Epoch 771/1500 : Average Loss 0.0489. Test Loss 0.0490
Epoch 772/1500 : Average Loss 0.0485. Test Loss 0.0393
Epoch 773/1500 : Average Loss 0.0531. Test Loss 0.0545
Epoch 774/1500 : Average Loss 0.0496. Test Loss 0.0543
Epoch 775/1500 : Average Loss 0.0527. Test Loss 0.0516
Epoch 776/1500 : Average Loss 0.0484. Test Loss 0.0571
Epoch 777/1500 : Average Loss 0.0494. Test Loss 0.0477
Epoch 778/1500 : Average Loss 0.0507. Test Loss 0.0498
Epoch 779/1500 : Average Loss 0.0472. Test Loss 0.0516
Epoch 780/1500 : Average Loss 0.0516. Test Loss 0.0498
Epoch 781/1500 : Average Loss 0.0522. Test Loss 0.0448
Epoch 782/1500 : Average Loss 0.0537. Test Loss 0.0531
Epoch 783/1500 : Average Loss 0.0490. Test Loss 0.0545
Epoch 784/1500 : Average Loss 0.0510. Test Loss 0.0478
Epoch 785/1500 : Average Loss 0.0472. Test Loss 0.0448
Epoch 786/1500 : Average Loss 0.0496. Test Loss 0.0537
Epoch 787/1500 : Average Loss 0.0509. Test Loss 0.0427
Epoch 788/1500 : Average Loss 0.0522. Test Loss 0.0554
Epoch 789/1500 : Average Loss 0.0498. Test Loss 0.0494
Epoch 790/1500 : Average Loss 0.0489. Test Loss 0.0548
Epoch 791/1500 : Average Loss 0.0471. Test Loss 0.0517
Epoch 792/1500 : Average Loss 0.0496. Test Loss 0.0487
Epoch 793/1500 : Average Loss 0.0495. Test Loss 0.0410
Epoch 794/1500 : Average Loss 0.0479. Test Loss 0.0474
Epoch 795/1500 : Average Loss 0.0523. Test Loss 0.0439
Epoch 796/1500 : Average Loss 0.0519. Test Loss 0.0559
Epoch 797/1500 : Average Loss 0.0471. Test Loss 0.0494
Epoch 798/1500 : Average Loss 0.0533. Test Loss 0.0489
Epoch 799/1500 : Average Loss 0.0493. Test Loss 0.0393
Epoch 800/1500 : Average Loss 0.0499. Test Loss 0.0557
Epoch 801/1500 : Average Loss 0.0508. Test Loss 0.0431
Epoch 802/1500 : Average Loss 0.0484. Test Loss 0.0497
Epoch 803/1500 : Average Loss 0.0495. Test Loss 0.0457
Epoch 804/1500 : Average Loss 0.0496. Test Loss 0.0539
Epoch 805/1500 : Average Loss 0.0515. Test Loss 0.0466
Epoch 806/1500 : Average Loss 0.0526. Test Loss 0.0514
Epoch 807/1500 : Average Loss 0.0493. Test Loss 0.0637
Epoch 808/1500 : Average Loss 0.0489. Test Loss 0.0459
Epoch 809/1500 : Average Loss 0.0508. Test Loss 0.0494
Epoch 810/1500 : Average Loss 0.0477. Test Loss 0.0534
Epoch 811/1500 : Average Loss 0.0492. Test Loss 0.0495
Epoch 812/1500 : Average Loss 0.0502. Test Loss 0.0466
Epoch 813/1500 : Average Loss 0.0478. Test Loss 0.0373
Epoch 814/1500 : Average Loss 0.0472. Test Loss 0.0515
Epoch 815/1500 : Average Loss 0.0520. Test Loss 0.0509
Epoch 816/1500 : Average Loss 0.0510. Test Loss 0.0585
Epoch 817/1500 : Average Loss 0.0506. Test Loss 0.0586
Epoch 818/1500 : Average Loss 0.0495. Test Loss 0.0489
Epoch 819/1500 : Average Loss 0.0490. Test Loss 0.0552
Epoch 820/1500 : Average Loss 0.0496. Test Loss 0.0499
Epoch 821/1500 : Average Loss 0.0509. Test Loss 0.0560
Epoch 822/1500 : Average Loss 0.0489. Test Loss 0.0513
Epoch 823/1500 : Average Loss 0.0507. Test Loss 0.0578
Epoch 824/1500 : Average Loss 0.0508. Test Loss 0.0431
Epoch 825/1500 : Average Loss 0.0523. Test Loss 0.0520
Epoch 826/1500 : Average Loss 0.0504. Test Loss 0.0491
Epoch 827/1500 : Average Loss 0.0516. Test Loss 0.0467
Epoch 828/1500 : Average Loss 0.0538. Test Loss 0.0582
Epoch 829/1500 : Average Loss 0.0518. Test Loss 0.0509
Epoch 830/1500 : Average Loss 0.0446. Test Loss 0.0601
Epoch 831/1500 : Average Loss 0.0514. Test Loss 0.0498
Epoch 832/1500 : Average Loss 0.0507. Test Loss 0.0480
Epoch 833/1500 : Average Loss 0.0498. Test Loss 0.0543
Epoch 834/1500 : Average Loss 0.0533. Test Loss 0.0563
Epoch 835/1500 : Average Loss 0.0492. Test Loss 0.0510
Epoch 836/1500 : Average Loss 0.0486. Test Loss 0.0443
Epoch 837/1500 : Average Loss 0.0522. Test Loss 0.0503
Epoch 838/1500 : Average Loss 0.0513. Test Loss 0.0524
Epoch 839/1500 : Average Loss 0.0489. Test Loss 0.0492
Epoch 840/1500 : Average Loss 0.0513. Test Loss 0.0488
Epoch 841/1500 : Average Loss 0.0477. Test Loss 0.0525
Epoch 842/1500 : Average Loss 0.0499. Test Loss 0.0536
Epoch 843/1500 : Average Loss 0.0528. Test Loss 0.0457
Epoch 844/1500 : Average Loss 0.0500. Test Loss 0.0472
Epoch 845/1500 : Average Loss 0.0500. Test Loss 0.0518
Epoch 846/1500 : Average Loss 0.0523. Test Loss 0.0464
Epoch 847/1500 : Average Loss 0.0503. Test Loss 0.0547
Epoch 848/1500 : Average Loss 0.0524. Test Loss 0.0437
Epoch 849/1500 : Average Loss 0.0495. Test Loss 0.0509
Epoch 850/1500 : Average Loss 0.0523. Test Loss 0.0531
Epoch 851/1500 : Average Loss 0.0505. Test Loss 0.0545
Epoch 852/1500 : Average Loss 0.0489. Test Loss 0.0553
Epoch 853/1500 : Average Loss 0.0487. Test Loss 0.0458
Epoch 854/1500 : Average Loss 0.0504. Test Loss 0.0520
Epoch 855/1500 : Average Loss 0.0504. Test Loss 0.0519
Epoch 856/1500 : Average Loss 0.0489. Test Loss 0.0522
Epoch 857/1500 : Average Loss 0.0498. Test Loss 0.0488
Epoch 858/1500 : Average Loss 0.0499. Test Loss 0.0441
Epoch 859/1500 : Average Loss 0.0510. Test Loss 0.0536
Epoch 860/1500 : Average Loss 0.0503. Test Loss 0.0500
Epoch 861/1500 : Average Loss 0.0497. Test Loss 0.0466
Epoch 862/1500 : Average Loss 0.0475. Test Loss 0.0534
Epoch 863/1500 : Average Loss 0.0521. Test Loss 0.0519
Epoch 864/1500 : Average Loss 0.0491. Test Loss 0.0518
Epoch 865/1500 : Average Loss 0.0496. Test Loss 0.0467
Epoch 866/1500 : Average Loss 0.0495. Test Loss 0.0479
Epoch 867/1500 : Average Loss 0.0504. Test Loss 0.0569
Epoch 868/1500 : Average Loss 0.0518. Test Loss 0.0520
Epoch 869/1500 : Average Loss 0.0501. Test Loss 0.0463
Epoch 870/1500 : Average Loss 0.0491. Test Loss 0.0449
Epoch 871/1500 : Average Loss 0.0470. Test Loss 0.0494
Epoch 872/1500 : Average Loss 0.0498. Test Loss 0.0600
Epoch 873/1500 : Average Loss 0.0503. Test Loss 0.0554
Epoch 874/1500 : Average Loss 0.0478. Test Loss 0.0456
Epoch 875/1500 : Average Loss 0.0495. Test Loss 0.0556
Epoch 876/1500 : Average Loss 0.0502. Test Loss 0.0484
Epoch 877/1500 : Average Loss 0.0503. Test Loss 0.0530
Epoch 878/1500 : Average Loss 0.0492. Test Loss 0.0479
Epoch 879/1500 : Average Loss 0.0505. Test Loss 0.0494
Epoch 880/1500 : Average Loss 0.0470. Test Loss 0.0590
Epoch 881/1500 : Average Loss 0.0488. Test Loss 0.0513
Epoch 882/1500 : Average Loss 0.0490. Test Loss 0.0476
Epoch 883/1500 : Average Loss 0.0514. Test Loss 0.0455
Epoch 884/1500 : Average Loss 0.0528. Test Loss 0.0509
Epoch 885/1500 : Average Loss 0.0485. Test Loss 0.0448
Epoch 886/1500 : Average Loss 0.0492. Test Loss 0.0512
Epoch 887/1500 : Average Loss 0.0483. Test Loss 0.0479
Epoch 888/1500 : Average Loss 0.0485. Test Loss 0.0492
Epoch 889/1500 : Average Loss 0.0491. Test Loss 0.0522
Epoch 890/1500 : Average Loss 0.0509. Test Loss 0.0539
Epoch 891/1500 : Average Loss 0.0484. Test Loss 0.0509
Epoch 892/1500 : Average Loss 0.0502. Test Loss 0.0467
Epoch 893/1500 : Average Loss 0.0531. Test Loss 0.0419
Epoch 894/1500 : Average Loss 0.0493. Test Loss 0.0482
Epoch 895/1500 : Average Loss 0.0496. Test Loss 0.0630
Epoch 896/1500 : Average Loss 0.0542. Test Loss 0.0464
Epoch 897/1500 : Average Loss 0.0472. Test Loss 0.0498
Epoch 898/1500 : Average Loss 0.0546. Test Loss 0.0536
Epoch 899/1500 : Average Loss 0.0484. Test Loss 0.0510
Epoch 900/1500 : Average Loss 0.0474. Test Loss 0.0485
Epoch 901/1500 : Average Loss 0.0510. Test Loss 0.0431
Epoch 902/1500 : Average Loss 0.0498. Test Loss 0.0486
Epoch 903/1500 : Average Loss 0.0485. Test Loss 0.0533
Epoch 904/1500 : Average Loss 0.0521. Test Loss 0.0455
Epoch 905/1500 : Average Loss 0.0480. Test Loss 0.0546
Epoch 906/1500 : Average Loss 0.0484. Test Loss 0.0493
Epoch 907/1500 : Average Loss 0.0496. Test Loss 0.0497
Epoch 908/1500 : Average Loss 0.0470. Test Loss 0.0442
Epoch 909/1500 : Average Loss 0.0495. Test Loss 0.0514
Epoch 910/1500 : Average Loss 0.0490. Test Loss 0.0470
Epoch 911/1500 : Average Loss 0.0487. Test Loss 0.0431
Epoch 912/1500 : Average Loss 0.0486. Test Loss 0.0539
Epoch 913/1500 : Average Loss 0.0507. Test Loss 0.0601
Epoch 914/1500 : Average Loss 0.0497. Test Loss 0.0552
Epoch 915/1500 : Average Loss 0.0507. Test Loss 0.0497
Epoch 916/1500 : Average Loss 0.0510. Test Loss 0.0471
Epoch 917/1500 : Average Loss 0.0516. Test Loss 0.0590
Epoch 918/1500 : Average Loss 0.0480. Test Loss 0.0539
Epoch 919/1500 : Average Loss 0.0468. Test Loss 0.0532
Epoch 920/1500 : Average Loss 0.0488. Test Loss 0.0458
Epoch 921/1500 : Average Loss 0.0486. Test Loss 0.0451
Epoch 922/1500 : Average Loss 0.0522. Test Loss 0.0461
Epoch 923/1500 : Average Loss 0.0489. Test Loss 0.0474
Epoch 924/1500 : Average Loss 0.0493. Test Loss 0.0451
Epoch 925/1500 : Average Loss 0.0471. Test Loss 0.0544
Epoch 926/1500 : Average Loss 0.0478. Test Loss 0.0540
Epoch 927/1500 : Average Loss 0.0515. Test Loss 0.0558
Epoch 928/1500 : Average Loss 0.0499. Test Loss 0.0559
Epoch 929/1500 : Average Loss 0.0524. Test Loss 0.0526
Epoch 930/1500 : Average Loss 0.0527. Test Loss 0.0470
Epoch 931/1500 : Average Loss 0.0498. Test Loss 0.0437
Epoch 932/1500 : Average Loss 0.0519. Test Loss 0.0556
Epoch 933/1500 : Average Loss 0.0489. Test Loss 0.0458
Epoch 934/1500 : Average Loss 0.0487. Test Loss 0.0524
Epoch 935/1500 : Average Loss 0.0489. Test Loss 0.0579
Epoch 936/1500 : Average Loss 0.0492. Test Loss 0.0502
Epoch 937/1500 : Average Loss 0.0486. Test Loss 0.0545
Epoch 938/1500 : Average Loss 0.0508. Test Loss 0.0490
Epoch 939/1500 : Average Loss 0.0514. Test Loss 0.0589
Epoch 940/1500 : Average Loss 0.0476. Test Loss 0.0465
Epoch 941/1500 : Average Loss 0.0499. Test Loss 0.0470
Epoch 942/1500 : Average Loss 0.0525. Test Loss 0.0386
Epoch 943/1500 : Average Loss 0.0476. Test Loss 0.0501
Epoch 944/1500 : Average Loss 0.0490. Test Loss 0.0490
Epoch 945/1500 : Average Loss 0.0501. Test Loss 0.0507
Epoch 946/1500 : Average Loss 0.0483. Test Loss 0.0592
Epoch 947/1500 : Average Loss 0.0521. Test Loss 0.0538
Epoch 948/1500 : Average Loss 0.0491. Test Loss 0.0526
Epoch 949/1500 : Average Loss 0.0480. Test Loss 0.0462
Epoch 950/1500 : Average Loss 0.0479. Test Loss 0.0525
Epoch 951/1500 : Average Loss 0.0491. Test Loss 0.0440
Epoch 952/1500 : Average Loss 0.0501. Test Loss 0.0480
Epoch 953/1500 : Average Loss 0.0524. Test Loss 0.0533
Epoch 954/1500 : Average Loss 0.0510. Test Loss 0.0469
Epoch 955/1500 : Average Loss 0.0497. Test Loss 0.0468
Epoch 956/1500 : Average Loss 0.0483. Test Loss 0.0466
Epoch 957/1500 : Average Loss 0.0502. Test Loss 0.0515
Epoch 958/1500 : Average Loss 0.0502. Test Loss 0.0494
Epoch 959/1500 : Average Loss 0.0531. Test Loss 0.0485
Epoch 960/1500 : Average Loss 0.0489. Test Loss 0.0465
Epoch 961/1500 : Average Loss 0.0494. Test Loss 0.0482
Epoch 962/1500 : Average Loss 0.0491. Test Loss 0.0513
Epoch 963/1500 : Average Loss 0.0494. Test Loss 0.0475
Epoch 964/1500 : Average Loss 0.0495. Test Loss 0.0632
Epoch 965/1500 : Average Loss 0.0503. Test Loss 0.0457
Epoch 966/1500 : Average Loss 0.0496. Test Loss 0.0531
Epoch 967/1500 : Average Loss 0.0496. Test Loss 0.0564
Epoch 968/1500 : Average Loss 0.0503. Test Loss 0.0425
Epoch 969/1500 : Average Loss 0.0503. Test Loss 0.0513
Epoch 970/1500 : Average Loss 0.0509. Test Loss 0.0402
Epoch 971/1500 : Average Loss 0.0475. Test Loss 0.0529
Epoch 972/1500 : Average Loss 0.0482. Test Loss 0.0491
Epoch 973/1500 : Average Loss 0.0510. Test Loss 0.0471
Epoch 974/1500 : Average Loss 0.0517. Test Loss 0.0529
Epoch 975/1500 : Average Loss 0.0500. Test Loss 0.0535
Epoch 976/1500 : Average Loss 0.0503. Test Loss 0.0465
Epoch 977/1500 : Average Loss 0.0469. Test Loss 0.0473
Epoch 978/1500 : Average Loss 0.0469. Test Loss 0.0517
Epoch 979/1500 : Average Loss 0.0488. Test Loss 0.0553
Epoch 980/1500 : Average Loss 0.0458. Test Loss 0.0520
Epoch 981/1500 : Average Loss 0.0490. Test Loss 0.0552
Epoch 982/1500 : Average Loss 0.0542. Test Loss 0.0476
Epoch 983/1500 : Average Loss 0.0501. Test Loss 0.0425
Epoch 984/1500 : Average Loss 0.0487. Test Loss 0.0535
Epoch 985/1500 : Average Loss 0.0478. Test Loss 0.0498
Epoch 986/1500 : Average Loss 0.0503. Test Loss 0.0489
Epoch 987/1500 : Average Loss 0.0477. Test Loss 0.0419
Epoch 988/1500 : Average Loss 0.0468. Test Loss 0.0472
Epoch 989/1500 : Average Loss 0.0522. Test Loss 0.0455
Epoch 990/1500 : Average Loss 0.0497. Test Loss 0.0446
Epoch 991/1500 : Average Loss 0.0493. Test Loss 0.0520
Epoch 992/1500 : Average Loss 0.0478. Test Loss 0.0576
Epoch 993/1500 : Average Loss 0.0480. Test Loss 0.0476
Epoch 994/1500 : Average Loss 0.0494. Test Loss 0.0484
Epoch 995/1500 : Average Loss 0.0468. Test Loss 0.0592
Epoch 996/1500 : Average Loss 0.0527. Test Loss 0.0543
Epoch 997/1500 : Average Loss 0.0516. Test Loss 0.0425
Epoch 998/1500 : Average Loss 0.0500. Test Loss 0.0436
Epoch 999/1500 : Average Loss 0.0506. Test Loss 0.0545
Epoch 1000/1500 : Average Loss 0.0497. Test Loss 0.0584
Epoch 1001/1500 : Average Loss 0.0455. Test Loss 0.0547
Epoch 1002/1500 : Average Loss 0.0512. Test Loss 0.0443
Epoch 1003/1500 : Average Loss 0.0497. Test Loss 0.0470
Epoch 1004/1500 : Average Loss 0.0511. Test Loss 0.0469
Epoch 1005/1500 : Average Loss 0.0511. Test Loss 0.0524
Epoch 1006/1500 : Average Loss 0.0523. Test Loss 0.0477
Epoch 1007/1500 : Average Loss 0.0507. Test Loss 0.0479
Epoch 1008/1500 : Average Loss 0.0510. Test Loss 0.0529
Epoch 1009/1500 : Average Loss 0.0497. Test Loss 0.0462
Epoch 1010/1500 : Average Loss 0.0473. Test Loss 0.0508
Epoch 1011/1500 : Average Loss 0.0495. Test Loss 0.0462
Epoch 1012/1500 : Average Loss 0.0490. Test Loss 0.0512
Epoch 1013/1500 : Average Loss 0.0483. Test Loss 0.0445
Epoch 1014/1500 : Average Loss 0.0491. Test Loss 0.0492
Epoch 1015/1500 : Average Loss 0.0480. Test Loss 0.0418
Epoch 1016/1500 : Average Loss 0.0493. Test Loss 0.0486
Epoch 1017/1500 : Average Loss 0.0516. Test Loss 0.0487
Epoch 1018/1500 : Average Loss 0.0467. Test Loss 0.0504
Epoch 1019/1500 : Average Loss 0.0499. Test Loss 0.0520
Epoch 1020/1500 : Average Loss 0.0514. Test Loss 0.0555
Epoch 1021/1500 : Average Loss 0.0481. Test Loss 0.0478
Epoch 1022/1500 : Average Loss 0.0495. Test Loss 0.0432
Epoch 1023/1500 : Average Loss 0.0478. Test Loss 0.0576
Epoch 1024/1500 : Average Loss 0.0524. Test Loss 0.0460
Epoch 1025/1500 : Average Loss 0.0492. Test Loss 0.0441
Epoch 1026/1500 : Average Loss 0.0508. Test Loss 0.0462
Epoch 1027/1500 : Average Loss 0.0493. Test Loss 0.0450
Epoch 1028/1500 : Average Loss 0.0476. Test Loss 0.0466
Epoch 1029/1500 : Average Loss 0.0505. Test Loss 0.0452
Epoch 1030/1500 : Average Loss 0.0485. Test Loss 0.0548
Epoch 1031/1500 : Average Loss 0.0506. Test Loss 0.0462
Epoch 1032/1500 : Average Loss 0.0468. Test Loss 0.0492
Epoch 1033/1500 : Average Loss 0.0478. Test Loss 0.0477
Epoch 1034/1500 : Average Loss 0.0466. Test Loss 0.0479
Epoch 1035/1500 : Average Loss 0.0479. Test Loss 0.0505
Epoch 1036/1500 : Average Loss 0.0484. Test Loss 0.0519
Epoch 1037/1500 : Average Loss 0.0484. Test Loss 0.0585
Epoch 1038/1500 : Average Loss 0.0503. Test Loss 0.0505
Epoch 1039/1500 : Average Loss 0.0526. Test Loss 0.0428
Epoch 1040/1500 : Average Loss 0.0495. Test Loss 0.0403
Epoch 1041/1500 : Average Loss 0.0482. Test Loss 0.0536
Epoch 1042/1500 : Average Loss 0.0511. Test Loss 0.0490
Epoch 1043/1500 : Average Loss 0.0496. Test Loss 0.0484
Epoch 1044/1500 : Average Loss 0.0477. Test Loss 0.0549
Epoch 1045/1500 : Average Loss 0.0478. Test Loss 0.0475
Epoch 1046/1500 : Average Loss 0.0477. Test Loss 0.0590
Epoch 1047/1500 : Average Loss 0.0526. Test Loss 0.0490
Epoch 1048/1500 : Average Loss 0.0473. Test Loss 0.0429
Epoch 1049/1500 : Average Loss 0.0500. Test Loss 0.0431
Epoch 1050/1500 : Average Loss 0.0500. Test Loss 0.0532
Epoch 1051/1500 : Average Loss 0.0485. Test Loss 0.0579
Epoch 1052/1500 : Average Loss 0.0481. Test Loss 0.0520
Epoch 1053/1500 : Average Loss 0.0496. Test Loss 0.0434
Epoch 1054/1500 : Average Loss 0.0471. Test Loss 0.0472
Epoch 1055/1500 : Average Loss 0.0524. Test Loss 0.0486
Epoch 1056/1500 : Average Loss 0.0489. Test Loss 0.0493
Epoch 1057/1500 : Average Loss 0.0496. Test Loss 0.0452
Epoch 1058/1500 : Average Loss 0.0486. Test Loss 0.0643
Epoch 1059/1500 : Average Loss 0.0507. Test Loss 0.0444
Epoch 1060/1500 : Average Loss 0.0464. Test Loss 0.0562
Epoch 1061/1500 : Average Loss 0.0504. Test Loss 0.0532
Epoch 1062/1500 : Average Loss 0.0490. Test Loss 0.0445
Epoch 1063/1500 : Average Loss 0.0489. Test Loss 0.0519
Epoch 1064/1500 : Average Loss 0.0480. Test Loss 0.0561
Epoch 1065/1500 : Average Loss 0.0477. Test Loss 0.0539
Epoch 1066/1500 : Average Loss 0.0488. Test Loss 0.0468
Epoch 1067/1500 : Average Loss 0.0488. Test Loss 0.0430
Epoch 1068/1500 : Average Loss 0.0498. Test Loss 0.0486
Epoch 1069/1500 : Average Loss 0.0489. Test Loss 0.0490
Epoch 1070/1500 : Average Loss 0.0506. Test Loss 0.0567
Epoch 1071/1500 : Average Loss 0.0492. Test Loss 0.0458
Epoch 1072/1500 : Average Loss 0.0462. Test Loss 0.0544
Epoch 1073/1500 : Average Loss 0.0481. Test Loss 0.0470
Epoch 1074/1500 : Average Loss 0.0481. Test Loss 0.0542
Epoch 1075/1500 : Average Loss 0.0491. Test Loss 0.0492
Epoch 1076/1500 : Average Loss 0.0492. Test Loss 0.0523
Epoch 1077/1500 : Average Loss 0.0466. Test Loss 0.0441
Epoch 1078/1500 : Average Loss 0.0472. Test Loss 0.0548
Epoch 1079/1500 : Average Loss 0.0482. Test Loss 0.0453
Epoch 1080/1500 : Average Loss 0.0481. Test Loss 0.0507
Epoch 1081/1500 : Average Loss 0.0490. Test Loss 0.0517
Epoch 1082/1500 : Average Loss 0.0498. Test Loss 0.0461
Epoch 1083/1500 : Average Loss 0.0514. Test Loss 0.0477
Epoch 1084/1500 : Average Loss 0.0515. Test Loss 0.0451
Epoch 1085/1500 : Average Loss 0.0502. Test Loss 0.0514
Epoch 1086/1500 : Average Loss 0.0487. Test Loss 0.0540
Epoch 1087/1500 : Average Loss 0.0509. Test Loss 0.0503
Epoch 1088/1500 : Average Loss 0.0486. Test Loss 0.0461
Epoch 1089/1500 : Average Loss 0.0500. Test Loss 0.0459
Epoch 1090/1500 : Average Loss 0.0508. Test Loss 0.0448
Epoch 1091/1500 : Average Loss 0.0477. Test Loss 0.0466
Epoch 1092/1500 : Average Loss 0.0502. Test Loss 0.0477
Epoch 1093/1500 : Average Loss 0.0498. Test Loss 0.0500
Epoch 1094/1500 : Average Loss 0.0474. Test Loss 0.0553
Epoch 1095/1500 : Average Loss 0.0516. Test Loss 0.0503
Epoch 1096/1500 : Average Loss 0.0492. Test Loss 0.0406
Epoch 1097/1500 : Average Loss 0.0491. Test Loss 0.0477
Epoch 1098/1500 : Average Loss 0.0472. Test Loss 0.0481
Epoch 1099/1500 : Average Loss 0.0516. Test Loss 0.0479
Epoch 1100/1500 : Average Loss 0.0449. Test Loss 0.0510
Epoch 1101/1500 : Average Loss 0.0468. Test Loss 0.0400
Epoch 1102/1500 : Average Loss 0.0489. Test Loss 0.0486
Epoch 1103/1500 : Average Loss 0.0498. Test Loss 0.0450
Epoch 1104/1500 : Average Loss 0.0470. Test Loss 0.0449
Epoch 1105/1500 : Average Loss 0.0510. Test Loss 0.0496
Epoch 1106/1500 : Average Loss 0.0503. Test Loss 0.0501
Epoch 1107/1500 : Average Loss 0.0479. Test Loss 0.0482
Epoch 1108/1500 : Average Loss 0.0460. Test Loss 0.0557
Epoch 1109/1500 : Average Loss 0.0499. Test Loss 0.0514
Epoch 1110/1500 : Average Loss 0.0499. Test Loss 0.0510
Epoch 1111/1500 : Average Loss 0.0499. Test Loss 0.0533
Epoch 1112/1500 : Average Loss 0.0461. Test Loss 0.0532
Epoch 1113/1500 : Average Loss 0.0482. Test Loss 0.0542
Epoch 1114/1500 : Average Loss 0.0449. Test Loss 0.0539
Epoch 1115/1500 : Average Loss 0.0480. Test Loss 0.0530
Epoch 1116/1500 : Average Loss 0.0501. Test Loss 0.0509
Epoch 1117/1500 : Average Loss 0.0498. Test Loss 0.0616
Epoch 1118/1500 : Average Loss 0.0483. Test Loss 0.0481
Epoch 1119/1500 : Average Loss 0.0485. Test Loss 0.0486
Epoch 1120/1500 : Average Loss 0.0476. Test Loss 0.0497
Epoch 1121/1500 : Average Loss 0.0484. Test Loss 0.0557
Epoch 1122/1500 : Average Loss 0.0481. Test Loss 0.0691
Epoch 1123/1500 : Average Loss 0.0459. Test Loss 0.0489
Epoch 1124/1500 : Average Loss 0.0471. Test Loss 0.0562
Epoch 1125/1500 : Average Loss 0.0499. Test Loss 0.0471
Epoch 1126/1500 : Average Loss 0.0479. Test Loss 0.0598
Epoch 1127/1500 : Average Loss 0.0489. Test Loss 0.0536
Epoch 1128/1500 : Average Loss 0.0478. Test Loss 0.0478
Epoch 1129/1500 : Average Loss 0.0494. Test Loss 0.0476
Epoch 1130/1500 : Average Loss 0.0508. Test Loss 0.0608
Epoch 1131/1500 : Average Loss 0.0458. Test Loss 0.0478
Epoch 1132/1500 : Average Loss 0.0466. Test Loss 0.0510
Epoch 1133/1500 : Average Loss 0.0497. Test Loss 0.0470
Epoch 1134/1500 : Average Loss 0.0518. Test Loss 0.0491
Epoch 1135/1500 : Average Loss 0.0483. Test Loss 0.0407
Epoch 1136/1500 : Average Loss 0.0489. Test Loss 0.0426
Epoch 1137/1500 : Average Loss 0.0476. Test Loss 0.0505
Epoch 1138/1500 : Average Loss 0.0465. Test Loss 0.0447
Epoch 1139/1500 : Average Loss 0.0469. Test Loss 0.0592
Epoch 1140/1500 : Average Loss 0.0496. Test Loss 0.0444
Epoch 1141/1500 : Average Loss 0.0444. Test Loss 0.0425
Epoch 1142/1500 : Average Loss 0.0475. Test Loss 0.0539
Epoch 1143/1500 : Average Loss 0.0469. Test Loss 0.0515
Epoch 1144/1500 : Average Loss 0.0469. Test Loss 0.0550
Epoch 1145/1500 : Average Loss 0.0465. Test Loss 0.0513
Epoch 1146/1500 : Average Loss 0.0492. Test Loss 0.0484
Epoch 1147/1500 : Average Loss 0.0485. Test Loss 0.0462
Epoch 1148/1500 : Average Loss 0.0472. Test Loss 0.0505
Epoch 1149/1500 : Average Loss 0.0501. Test Loss 0.0490
Epoch 1150/1500 : Average Loss 0.0468. Test Loss 0.0469
Epoch 1151/1500 : Average Loss 0.0484. Test Loss 0.0426
Epoch 1152/1500 : Average Loss 0.0494. Test Loss 0.0398
Epoch 1153/1500 : Average Loss 0.0469. Test Loss 0.0514
Epoch 1154/1500 : Average Loss 0.0467. Test Loss 0.0380
Epoch 1155/1500 : Average Loss 0.0473. Test Loss 0.0435
Epoch 1156/1500 : Average Loss 0.0474. Test Loss 0.0538
Epoch 1157/1500 : Average Loss 0.0482. Test Loss 0.0467
Epoch 1158/1500 : Average Loss 0.0490. Test Loss 0.0390
Epoch 1159/1500 : Average Loss 0.0449. Test Loss 0.0480
Epoch 1160/1500 : Average Loss 0.0470. Test Loss 0.0521
Epoch 1161/1500 : Average Loss 0.0484. Test Loss 0.0459
Epoch 1162/1500 : Average Loss 0.0466. Test Loss 0.0566
Epoch 1163/1500 : Average Loss 0.0473. Test Loss 0.0486
Epoch 1164/1500 : Average Loss 0.0478. Test Loss 0.0414
Epoch 1165/1500 : Average Loss 0.0500. Test Loss 0.0474
Epoch 1166/1500 : Average Loss 0.0469. Test Loss 0.0455
Epoch 1167/1500 : Average Loss 0.0455. Test Loss 0.0480
Epoch 1168/1500 : Average Loss 0.0471. Test Loss 0.0504
Epoch 1169/1500 : Average Loss 0.0469. Test Loss 0.0529
Epoch 1170/1500 : Average Loss 0.0522. Test Loss 0.0494
Epoch 1171/1500 : Average Loss 0.0487. Test Loss 0.0535
Epoch 1172/1500 : Average Loss 0.0500. Test Loss 0.0505
Epoch 1173/1500 : Average Loss 0.0464. Test Loss 0.0508
Epoch 1174/1500 : Average Loss 0.0484. Test Loss 0.0611
Epoch 1175/1500 : Average Loss 0.0480. Test Loss 0.0477
Epoch 1176/1500 : Average Loss 0.0475. Test Loss 0.0440
Epoch 1177/1500 : Average Loss 0.0485. Test Loss 0.0513
Epoch 1178/1500 : Average Loss 0.0458. Test Loss 0.0438
Epoch 1179/1500 : Average Loss 0.0488. Test Loss 0.0508
Epoch 1180/1500 : Average Loss 0.0472. Test Loss 0.0545
Epoch 1181/1500 : Average Loss 0.0458. Test Loss 0.0480
Epoch 1182/1500 : Average Loss 0.0480. Test Loss 0.0468
Epoch 1183/1500 : Average Loss 0.0462. Test Loss 0.0530
Epoch 1184/1500 : Average Loss 0.0485. Test Loss 0.0434
Epoch 1185/1500 : Average Loss 0.0479. Test Loss 0.0425
Epoch 1186/1500 : Average Loss 0.0479. Test Loss 0.0578
Epoch 1187/1500 : Average Loss 0.0497. Test Loss 0.0489
Epoch 1188/1500 : Average Loss 0.0539. Test Loss 0.0501
Epoch 1189/1500 : Average Loss 0.0518. Test Loss 0.0536
Epoch 1190/1500 : Average Loss 0.0475. Test Loss 0.0443
Epoch 1191/1500 : Average Loss 0.0457. Test Loss 0.0473
Epoch 1192/1500 : Average Loss 0.0466. Test Loss 0.0399
Epoch 1193/1500 : Average Loss 0.0453. Test Loss 0.0549
Epoch 1194/1500 : Average Loss 0.0486. Test Loss 0.0430
Epoch 1195/1500 : Average Loss 0.0484. Test Loss 0.0437
Epoch 1196/1500 : Average Loss 0.0496. Test Loss 0.0478
Epoch 1197/1500 : Average Loss 0.0466. Test Loss 0.0420
Epoch 1198/1500 : Average Loss 0.0495. Test Loss 0.0456
Epoch 1199/1500 : Average Loss 0.0461. Test Loss 0.0481
Epoch 1200/1500 : Average Loss 0.0518. Test Loss 0.0455
Epoch 1201/1500 : Average Loss 0.0467. Test Loss 0.0527
Epoch 1202/1500 : Average Loss 0.0481. Test Loss 0.0523
Epoch 1203/1500 : Average Loss 0.0462. Test Loss 0.0410
Epoch 1204/1500 : Average Loss 0.0493. Test Loss 0.0515
Epoch 1205/1500 : Average Loss 0.0447. Test Loss 0.0433
Epoch 1206/1500 : Average Loss 0.0499. Test Loss 0.0542
Epoch 1207/1500 : Average Loss 0.0457. Test Loss 0.0535
Epoch 1208/1500 : Average Loss 0.0470. Test Loss 0.0482
Epoch 1209/1500 : Average Loss 0.0482. Test Loss 0.0545
Epoch 1210/1500 : Average Loss 0.0501. Test Loss 0.0548
Epoch 1211/1500 : Average Loss 0.0466. Test Loss 0.0476
Epoch 1212/1500 : Average Loss 0.0478. Test Loss 0.0511
Epoch 1213/1500 : Average Loss 0.0481. Test Loss 0.0542
Epoch 1214/1500 : Average Loss 0.0509. Test Loss 0.0444
Epoch 1215/1500 : Average Loss 0.0509. Test Loss 0.0543
Epoch 1216/1500 : Average Loss 0.0460. Test Loss 0.0503
Epoch 1217/1500 : Average Loss 0.0478. Test Loss 0.0536
Epoch 1218/1500 : Average Loss 0.0458. Test Loss 0.0502
Epoch 1219/1500 : Average Loss 0.0454. Test Loss 0.0537
Epoch 1220/1500 : Average Loss 0.0482. Test Loss 0.0484
Epoch 1221/1500 : Average Loss 0.0499. Test Loss 0.0445
Epoch 1222/1500 : Average Loss 0.0470. Test Loss 0.0496
Epoch 1223/1500 : Average Loss 0.0483. Test Loss 0.0500
Epoch 1224/1500 : Average Loss 0.0471. Test Loss 0.0498
Epoch 1225/1500 : Average Loss 0.0542. Test Loss 0.0484
Epoch 1226/1500 : Average Loss 0.0501. Test Loss 0.0457
Epoch 1227/1500 : Average Loss 0.0445. Test Loss 0.0491
Epoch 1228/1500 : Average Loss 0.0478. Test Loss 0.0491
Epoch 1229/1500 : Average Loss 0.0467. Test Loss 0.0489
Epoch 1230/1500 : Average Loss 0.0490. Test Loss 0.0511
Epoch 1231/1500 : Average Loss 0.0474. Test Loss 0.0463
Epoch 1232/1500 : Average Loss 0.0484. Test Loss 0.0462
Epoch 1233/1500 : Average Loss 0.0470. Test Loss 0.0528
Epoch 1234/1500 : Average Loss 0.0438. Test Loss 0.0488
Epoch 1235/1500 : Average Loss 0.0488. Test Loss 0.0525
Epoch 1236/1500 : Average Loss 0.0474. Test Loss 0.0429
Epoch 1237/1500 : Average Loss 0.0474. Test Loss 0.0552
Epoch 1238/1500 : Average Loss 0.0471. Test Loss 0.0571
Epoch 1239/1500 : Average Loss 0.0468. Test Loss 0.0454
Epoch 1240/1500 : Average Loss 0.0471. Test Loss 0.0525
Epoch 1241/1500 : Average Loss 0.0496. Test Loss 0.0455
Epoch 1242/1500 : Average Loss 0.0498. Test Loss 0.0506
Epoch 1243/1500 : Average Loss 0.0494. Test Loss 0.0497
Epoch 1244/1500 : Average Loss 0.0492. Test Loss 0.0505
Epoch 1245/1500 : Average Loss 0.0522. Test Loss 0.0434
Epoch 1246/1500 : Average Loss 0.0498. Test Loss 0.0500
Epoch 1247/1500 : Average Loss 0.0547. Test Loss 0.0472
Epoch 1248/1500 : Average Loss 0.0499. Test Loss 0.0509
Epoch 1249/1500 : Average Loss 0.0495. Test Loss 0.0457
Epoch 1250/1500 : Average Loss 0.0513. Test Loss 0.0565
Epoch 1251/1500 : Average Loss 0.0498. Test Loss 0.0518
Epoch 1252/1500 : Average Loss 0.0491. Test Loss 0.0437
Epoch 1253/1500 : Average Loss 0.0457. Test Loss 0.0551
Epoch 1254/1500 : Average Loss 0.0467. Test Loss 0.0539
Epoch 1255/1500 : Average Loss 0.0440. Test Loss 0.0499
Epoch 1256/1500 : Average Loss 0.0472. Test Loss 0.0544
Epoch 1257/1500 : Average Loss 0.0494. Test Loss 0.0397
Epoch 1258/1500 : Average Loss 0.0455. Test Loss 0.0585
Epoch 1259/1500 : Average Loss 0.0484. Test Loss 0.0466
Epoch 1260/1500 : Average Loss 0.0443. Test Loss 0.0493
Epoch 1261/1500 : Average Loss 0.0463. Test Loss 0.0459
Epoch 1262/1500 : Average Loss 0.0467. Test Loss 0.0424
Epoch 1263/1500 : Average Loss 0.0504. Test Loss 0.0513
Epoch 1264/1500 : Average Loss 0.0486. Test Loss 0.0547
Epoch 1265/1500 : Average Loss 0.0470. Test Loss 0.0493
Epoch 1266/1500 : Average Loss 0.0475. Test Loss 0.0503
Epoch 1267/1500 : Average Loss 0.0491. Test Loss 0.0546
Epoch 1268/1500 : Average Loss 0.0453. Test Loss 0.0605
Epoch 1269/1500 : Average Loss 0.0503. Test Loss 0.0549
Epoch 1270/1500 : Average Loss 0.0467. Test Loss 0.0504
Epoch 1271/1500 : Average Loss 0.0458. Test Loss 0.0573
Epoch 1272/1500 : Average Loss 0.0488. Test Loss 0.0421
Epoch 1273/1500 : Average Loss 0.0475. Test Loss 0.0503
Epoch 1274/1500 : Average Loss 0.0471. Test Loss 0.0535
Epoch 1275/1500 : Average Loss 0.0500. Test Loss 0.0511
Epoch 1276/1500 : Average Loss 0.0475. Test Loss 0.0443
Epoch 1277/1500 : Average Loss 0.0511. Test Loss 0.0417
Epoch 1278/1500 : Average Loss 0.0468. Test Loss 0.0516
Epoch 1279/1500 : Average Loss 0.0452. Test Loss 0.0479
Epoch 1280/1500 : Average Loss 0.0457. Test Loss 0.0463
Epoch 1281/1500 : Average Loss 0.0472. Test Loss 0.0510
Epoch 1282/1500 : Average Loss 0.0482. Test Loss 0.0551
Epoch 1283/1500 : Average Loss 0.0503. Test Loss 0.0506
Epoch 1284/1500 : Average Loss 0.0477. Test Loss 0.0462
Epoch 1285/1500 : Average Loss 0.0498. Test Loss 0.0444
Epoch 1286/1500 : Average Loss 0.0494. Test Loss 0.0557
Epoch 1287/1500 : Average Loss 0.0445. Test Loss 0.0438
Epoch 1288/1500 : Average Loss 0.0463. Test Loss 0.0448
Epoch 1289/1500 : Average Loss 0.0482. Test Loss 0.0478
Epoch 1290/1500 : Average Loss 0.0461. Test Loss 0.0456
Epoch 1291/1500 : Average Loss 0.0512. Test Loss 0.0555
Epoch 1292/1500 : Average Loss 0.0516. Test Loss 0.0423
Epoch 1293/1500 : Average Loss 0.0493. Test Loss 0.0414
Epoch 1294/1500 : Average Loss 0.0465. Test Loss 0.0513
Epoch 1295/1500 : Average Loss 0.0481. Test Loss 0.0539
Epoch 1296/1500 : Average Loss 0.0475. Test Loss 0.0549
Epoch 1297/1500 : Average Loss 0.0454. Test Loss 0.0515
Epoch 1298/1500 : Average Loss 0.0487. Test Loss 0.0516
Epoch 1299/1500 : Average Loss 0.0492. Test Loss 0.0379
Epoch 1300/1500 : Average Loss 0.0486. Test Loss 0.0480
Epoch 1301/1500 : Average Loss 0.0492. Test Loss 0.0462
Epoch 1302/1500 : Average Loss 0.0484. Test Loss 0.0546
Epoch 1303/1500 : Average Loss 0.0476. Test Loss 0.0467
Epoch 1304/1500 : Average Loss 0.0483. Test Loss 0.0388
Epoch 1305/1500 : Average Loss 0.0495. Test Loss 0.0506
Epoch 1306/1500 : Average Loss 0.0484. Test Loss 0.0445
Epoch 1307/1500 : Average Loss 0.0481. Test Loss 0.0513
Epoch 1308/1500 : Average Loss 0.0435. Test Loss 0.0516
Epoch 1309/1500 : Average Loss 0.0488. Test Loss 0.0589
Epoch 1310/1500 : Average Loss 0.0474. Test Loss 0.0498
Epoch 1311/1500 : Average Loss 0.0494. Test Loss 0.0474
Epoch 1312/1500 : Average Loss 0.0467. Test Loss 0.0458
Epoch 1313/1500 : Average Loss 0.0518. Test Loss 0.0478
Epoch 1314/1500 : Average Loss 0.0489. Test Loss 0.0515
Epoch 1315/1500 : Average Loss 0.0443. Test Loss 0.0650
Epoch 1316/1500 : Average Loss 0.0476. Test Loss 0.0426
Epoch 1317/1500 : Average Loss 0.0477. Test Loss 0.0528
Epoch 1318/1500 : Average Loss 0.0512. Test Loss 0.0471
Epoch 1319/1500 : Average Loss 0.0466. Test Loss 0.0434
Epoch 1320/1500 : Average Loss 0.0464. Test Loss 0.0395
Epoch 1321/1500 : Average Loss 0.0488. Test Loss 0.0509
Epoch 1322/1500 : Average Loss 0.0478. Test Loss 0.0511
Epoch 1323/1500 : Average Loss 0.0460. Test Loss 0.0550
Epoch 1324/1500 : Average Loss 0.0495. Test Loss 0.0493
Epoch 1325/1500 : Average Loss 0.0463. Test Loss 0.0491
Epoch 1326/1500 : Average Loss 0.0469. Test Loss 0.0488
Epoch 1327/1500 : Average Loss 0.0486. Test Loss 0.0465
Epoch 1328/1500 : Average Loss 0.0501. Test Loss 0.0471
Epoch 1329/1500 : Average Loss 0.0473. Test Loss 0.0483
Epoch 1330/1500 : Average Loss 0.0511. Test Loss 0.0548
Epoch 1331/1500 : Average Loss 0.0459. Test Loss 0.0576
Epoch 1332/1500 : Average Loss 0.0486. Test Loss 0.0446
Epoch 1333/1500 : Average Loss 0.0494. Test Loss 0.0525
Epoch 1334/1500 : Average Loss 0.0464. Test Loss 0.0604
Epoch 1335/1500 : Average Loss 0.0475. Test Loss 0.0446
Epoch 1336/1500 : Average Loss 0.0469. Test Loss 0.0389
Epoch 1337/1500 : Average Loss 0.0498. Test Loss 0.0528
Epoch 1338/1500 : Average Loss 0.0486. Test Loss 0.0437
Epoch 1339/1500 : Average Loss 0.0478. Test Loss 0.0498
Epoch 1340/1500 : Average Loss 0.0463. Test Loss 0.0449
Epoch 1341/1500 : Average Loss 0.0489. Test Loss 0.0504
Epoch 1342/1500 : Average Loss 0.0501. Test Loss 0.0546
Epoch 1343/1500 : Average Loss 0.0437. Test Loss 0.0493
Epoch 1344/1500 : Average Loss 0.0487. Test Loss 0.0547
Epoch 1345/1500 : Average Loss 0.0497. Test Loss 0.0478
Epoch 1346/1500 : Average Loss 0.0477. Test Loss 0.0441
Epoch 1347/1500 : Average Loss 0.0506. Test Loss 0.0459
Epoch 1348/1500 : Average Loss 0.0482. Test Loss 0.0520
Epoch 1349/1500 : Average Loss 0.0480. Test Loss 0.0505
Epoch 1350/1500 : Average Loss 0.0479. Test Loss 0.0489
Epoch 1351/1500 : Average Loss 0.0508. Test Loss 0.0387
Epoch 1352/1500 : Average Loss 0.0475. Test Loss 0.0528
Epoch 1353/1500 : Average Loss 0.0461. Test Loss 0.0482
Epoch 1354/1500 : Average Loss 0.0470. Test Loss 0.0506
Epoch 1355/1500 : Average Loss 0.0461. Test Loss 0.0429
Epoch 1356/1500 : Average Loss 0.0503. Test Loss 0.0427
Epoch 1357/1500 : Average Loss 0.0471. Test Loss 0.0573
Epoch 1358/1500 : Average Loss 0.0476. Test Loss 0.0520
Epoch 1359/1500 : Average Loss 0.0459. Test Loss 0.0507
Epoch 1360/1500 : Average Loss 0.0491. Test Loss 0.0497
Epoch 1361/1500 : Average Loss 0.0473. Test Loss 0.0585
Epoch 1362/1500 : Average Loss 0.0463. Test Loss 0.0514
Epoch 1363/1500 : Average Loss 0.0461. Test Loss 0.0505
Epoch 1364/1500 : Average Loss 0.0462. Test Loss 0.0491
Epoch 1365/1500 : Average Loss 0.0488. Test Loss 0.0493
Epoch 1366/1500 : Average Loss 0.0470. Test Loss 0.0453
Epoch 1367/1500 : Average Loss 0.0469. Test Loss 0.0490
Epoch 1368/1500 : Average Loss 0.0472. Test Loss 0.0467
Epoch 1369/1500 : Average Loss 0.0498. Test Loss 0.0508
Epoch 1370/1500 : Average Loss 0.0469. Test Loss 0.0407
Epoch 1371/1500 : Average Loss 0.0470. Test Loss 0.0508
Epoch 1372/1500 : Average Loss 0.0463. Test Loss 0.0424
Epoch 1373/1500 : Average Loss 0.0467. Test Loss 0.0468
Epoch 1374/1500 : Average Loss 0.0459. Test Loss 0.0465
Epoch 1375/1500 : Average Loss 0.0455. Test Loss 0.0405
Epoch 1376/1500 : Average Loss 0.0459. Test Loss 0.0415
Epoch 1377/1500 : Average Loss 0.0482. Test Loss 0.0444
Epoch 1378/1500 : Average Loss 0.0471. Test Loss 0.0482
Epoch 1379/1500 : Average Loss 0.0466. Test Loss 0.0542
Epoch 1380/1500 : Average Loss 0.0457. Test Loss 0.0428
Epoch 1381/1500 : Average Loss 0.0478. Test Loss 0.0491
Epoch 1382/1500 : Average Loss 0.0471. Test Loss 0.0486
Epoch 1383/1500 : Average Loss 0.0478. Test Loss 0.0458
Epoch 1384/1500 : Average Loss 0.0465. Test Loss 0.0444
Epoch 1385/1500 : Average Loss 0.0493. Test Loss 0.0494
Epoch 1386/1500 : Average Loss 0.0464. Test Loss 0.0476
Epoch 1387/1500 : Average Loss 0.0477. Test Loss 0.0496
Epoch 1388/1500 : Average Loss 0.0513. Test Loss 0.0448
Epoch 1389/1500 : Average Loss 0.0446. Test Loss 0.0420
Epoch 1390/1500 : Average Loss 0.0476. Test Loss 0.0427
Epoch 1391/1500 : Average Loss 0.0486. Test Loss 0.0493
Epoch 1392/1500 : Average Loss 0.0459. Test Loss 0.0414
Epoch 1393/1500 : Average Loss 0.0448. Test Loss 0.0571
Epoch 1394/1500 : Average Loss 0.0468. Test Loss 0.0510
Epoch 1395/1500 : Average Loss 0.0467. Test Loss 0.0454
Epoch 1396/1500 : Average Loss 0.0500. Test Loss 0.0550
Epoch 1397/1500 : Average Loss 0.0454. Test Loss 0.0443
Epoch 1398/1500 : Average Loss 0.0462. Test Loss 0.0470
Epoch 1399/1500 : Average Loss 0.0473. Test Loss 0.0494
Epoch 1400/1500 : Average Loss 0.0472. Test Loss 0.0407
Epoch 1401/1500 : Average Loss 0.0475. Test Loss 0.0450
Epoch 1402/1500 : Average Loss 0.0517. Test Loss 0.0423
Epoch 1403/1500 : Average Loss 0.0487. Test Loss 0.0467
Epoch 1404/1500 : Average Loss 0.0481. Test Loss 0.0387
Epoch 1405/1500 : Average Loss 0.0448. Test Loss 0.0457
Epoch 1406/1500 : Average Loss 0.0451. Test Loss 0.0531
Epoch 1407/1500 : Average Loss 0.0461. Test Loss 0.0456
Epoch 1408/1500 : Average Loss 0.0477. Test Loss 0.0491
Epoch 1409/1500 : Average Loss 0.0470. Test Loss 0.0507
Epoch 1410/1500 : Average Loss 0.0475. Test Loss 0.0479
Epoch 1411/1500 : Average Loss 0.0491. Test Loss 0.0477
Epoch 1412/1500 : Average Loss 0.0471. Test Loss 0.0552
Epoch 1413/1500 : Average Loss 0.0455. Test Loss 0.0423
Epoch 1414/1500 : Average Loss 0.0467. Test Loss 0.0444
Epoch 1415/1500 : Average Loss 0.0475. Test Loss 0.0457
Epoch 1416/1500 : Average Loss 0.0470. Test Loss 0.0546
Epoch 1417/1500 : Average Loss 0.0437. Test Loss 0.0424
Epoch 1418/1500 : Average Loss 0.0498. Test Loss 0.0505
Epoch 1419/1500 : Average Loss 0.0458. Test Loss 0.0501
Epoch 1420/1500 : Average Loss 0.0474. Test Loss 0.0438
Epoch 1421/1500 : Average Loss 0.0485. Test Loss 0.0495
Epoch 1422/1500 : Average Loss 0.0468. Test Loss 0.0446
Epoch 1423/1500 : Average Loss 0.0445. Test Loss 0.0447
Epoch 1424/1500 : Average Loss 0.0483. Test Loss 0.0480
Epoch 1425/1500 : Average Loss 0.0480. Test Loss 0.0472
Epoch 1426/1500 : Average Loss 0.0452. Test Loss 0.0487
Epoch 1427/1500 : Average Loss 0.0477. Test Loss 0.0479
Epoch 1428/1500 : Average Loss 0.0459. Test Loss 0.0525
Epoch 1429/1500 : Average Loss 0.0469. Test Loss 0.0409
Epoch 1430/1500 : Average Loss 0.0498. Test Loss 0.0402
Epoch 1431/1500 : Average Loss 0.0471. Test Loss 0.0433
Epoch 1432/1500 : Average Loss 0.0492. Test Loss 0.0470
Epoch 1433/1500 : Average Loss 0.0461. Test Loss 0.0407
Epoch 1434/1500 : Average Loss 0.0461. Test Loss 0.0498
Epoch 1435/1500 : Average Loss 0.0477. Test Loss 0.0479
Epoch 1436/1500 : Average Loss 0.0473. Test Loss 0.0472
Epoch 1437/1500 : Average Loss 0.0465. Test Loss 0.0431
Epoch 1438/1500 : Average Loss 0.0469. Test Loss 0.0443
Epoch 1439/1500 : Average Loss 0.0489. Test Loss 0.0466
Epoch 1440/1500 : Average Loss 0.0487. Test Loss 0.0455
Epoch 1441/1500 : Average Loss 0.0478. Test Loss 0.0507
Epoch 1442/1500 : Average Loss 0.0459. Test Loss 0.0540
Epoch 1443/1500 : Average Loss 0.0477. Test Loss 0.0547
Epoch 1444/1500 : Average Loss 0.0464. Test Loss 0.0391
Epoch 1445/1500 : Average Loss 0.0500. Test Loss 0.0552
Epoch 1446/1500 : Average Loss 0.0465. Test Loss 0.0450
Epoch 1447/1500 : Average Loss 0.0461. Test Loss 0.0395
Epoch 1448/1500 : Average Loss 0.0474. Test Loss 0.0482
Epoch 1449/1500 : Average Loss 0.0476. Test Loss 0.0500
Epoch 1450/1500 : Average Loss 0.0463. Test Loss 0.0497
Epoch 1451/1500 : Average Loss 0.0465. Test Loss 0.0497
Epoch 1452/1500 : Average Loss 0.0484. Test Loss 0.0539
Epoch 1453/1500 : Average Loss 0.0456. Test Loss 0.0448
Epoch 1454/1500 : Average Loss 0.0466. Test Loss 0.0537
Epoch 1455/1500 : Average Loss 0.0451. Test Loss 0.0491
Epoch 1456/1500 : Average Loss 0.0459. Test Loss 0.0523
Epoch 1457/1500 : Average Loss 0.0472. Test Loss 0.0483
Epoch 1458/1500 : Average Loss 0.0472. Test Loss 0.0551
Epoch 1459/1500 : Average Loss 0.0479. Test Loss 0.0464
Epoch 1460/1500 : Average Loss 0.0458. Test Loss 0.0405
Epoch 1461/1500 : Average Loss 0.0493. Test Loss 0.0509
Epoch 1462/1500 : Average Loss 0.0471. Test Loss 0.0493
Epoch 1463/1500 : Average Loss 0.0444. Test Loss 0.0412
Epoch 1464/1500 : Average Loss 0.0484. Test Loss 0.0463
Epoch 1465/1500 : Average Loss 0.0468. Test Loss 0.0520
Epoch 1466/1500 : Average Loss 0.0450. Test Loss 0.0456
Epoch 1467/1500 : Average Loss 0.0460. Test Loss 0.0497
Epoch 1468/1500 : Average Loss 0.0449. Test Loss 0.0510
Epoch 1469/1500 : Average Loss 0.0468. Test Loss 0.0427
Epoch 1470/1500 : Average Loss 0.0488. Test Loss 0.0539
Epoch 1471/1500 : Average Loss 0.0470. Test Loss 0.0590
Epoch 1472/1500 : Average Loss 0.0437. Test Loss 0.0565
Epoch 1473/1500 : Average Loss 0.0422. Test Loss 0.0500
Epoch 1474/1500 : Average Loss 0.0474. Test Loss 0.0403
Epoch 1475/1500 : Average Loss 0.0468. Test Loss 0.0419
Epoch 1476/1500 : Average Loss 0.0452. Test Loss 0.0545
Epoch 1477/1500 : Average Loss 0.0468. Test Loss 0.0508
Epoch 1478/1500 : Average Loss 0.0500. Test Loss 0.0425
Epoch 1479/1500 : Average Loss 0.0448. Test Loss 0.0425
Epoch 1480/1500 : Average Loss 0.0441. Test Loss 0.0571
Epoch 1481/1500 : Average Loss 0.0465. Test Loss 0.0434
Epoch 1482/1500 : Average Loss 0.0455. Test Loss 0.0476
Epoch 1483/1500 : Average Loss 0.0476. Test Loss 0.0393
Epoch 1484/1500 : Average Loss 0.0440. Test Loss 0.0454
Epoch 1485/1500 : Average Loss 0.0457. Test Loss 0.0469
Epoch 1486/1500 : Average Loss 0.0471. Test Loss 0.0405
Epoch 1487/1500 : Average Loss 0.0482. Test Loss 0.0389
Epoch 1488/1500 : Average Loss 0.0489. Test Loss 0.0536
Epoch 1489/1500 : Average Loss 0.0454. Test Loss 0.0375
Epoch 1490/1500 : Average Loss 0.0436. Test Loss 0.0472
Epoch 1491/1500 : Average Loss 0.0469. Test Loss 0.0469
Epoch 1492/1500 : Average Loss 0.0441. Test Loss 0.0463
Epoch 1493/1500 : Average Loss 0.0482. Test Loss 0.0550
Epoch 1494/1500 : Average Loss 0.0482. Test Loss 0.0546
Epoch 1495/1500 : Average Loss 0.0450. Test Loss 0.0443
Epoch 1496/1500 : Average Loss 0.0483. Test Loss 0.0501
Epoch 1497/1500 : Average Loss 0.0427. Test Loss 0.0450
Epoch 1498/1500 : Average Loss 0.0474. Test Loss 0.0601
Epoch 1499/1500 : Average Loss 0.0472. Test Loss 0.0479
Epoch 1500/1500 : Average Loss 0.0451. Test Loss 0.0524
The Total Epoch have been reached.
Saved adapted checkpoint -> saved/pretrain_base_jetson_leg_10_20_both_01030405_xyz_both_ssl30/limu_bert_x_ssl30_dapt_5e-5_1500_seed3431.pt

=== DAPT done. Pair each benchmark seed with its checkpoint in run_benchmark.py: ===
  seed 3431   -> saved/pretrain_base_jetson_leg_10_20_both_01030405_xyz_both_ssl30/limu_bert_x_ssl30_dapt_5e-5_1500_seed3431.pt
